2025-05-27 00:01:54,024 - PoinTr - INFO - Copy the Config file from ./cfgs/PCN_models/PoinTr.yaml to ./experiments/PoinTr/PCN_models/example_tree/config.yaml
2025-05-27 00:01:54,024 - PoinTr - INFO - args.config : ./cfgs/PCN_models/PoinTr.yaml
2025-05-27 00:01:54,024 - PoinTr - INFO - args.launcher : pytorch
2025-05-27 00:01:54,024 - PoinTr - INFO - args.local_rank : 0
2025-05-27 00:01:54,024 - PoinTr - INFO - args.num_workers : 4
2025-05-27 00:01:54,024 - PoinTr - INFO - args.seed : 0
2025-05-27 00:01:54,024 - PoinTr - INFO - args.deterministic : False
2025-05-27 00:01:54,024 - PoinTr - INFO - args.sync_bn : True
2025-05-27 00:01:54,024 - PoinTr - INFO - args.exp_name : example_tree
2025-05-27 00:01:54,024 - PoinTr - INFO - args.start_ckpts : None
2025-05-27 00:01:54,024 - PoinTr - INFO - args.ckpts : None
2025-05-27 00:01:54,024 - PoinTr - INFO - args.val_freq : 1
2025-05-27 00:01:54,024 - PoinTr - INFO - args.resume : False
2025-05-27 00:01:54,024 - PoinTr - INFO - args.test : False
2025-05-27 00:01:54,024 - PoinTr - INFO - args.mode : None
2025-05-27 00:01:54,024 - PoinTr - INFO - args.experiment_path : ./experiments/PoinTr/PCN_models/example_tree
2025-05-27 00:01:54,024 - PoinTr - INFO - args.tfboard_path : ./experiments/PoinTr/PCN_models/TFBoard/example_tree
2025-05-27 00:01:54,024 - PoinTr - INFO - args.log_name : PoinTr
2025-05-27 00:01:54,024 - PoinTr - INFO - args.use_gpu : True
2025-05-27 00:01:54,024 - PoinTr - INFO - args.distributed : True
2025-05-27 00:01:54,024 - PoinTr - INFO - args.world_size : 1
2025-05-27 00:01:54,024 - PoinTr - INFO - config.optimizer = edict()
2025-05-27 00:01:54,024 - PoinTr - INFO - config.optimizer.type : AdamW
2025-05-27 00:01:54,024 - PoinTr - INFO - config.optimizer.kwargs = edict()
2025-05-27 00:01:54,024 - PoinTr - INFO - config.optimizer.kwargs.lr : 0.0005
2025-05-27 00:01:54,024 - PoinTr - INFO - config.optimizer.kwargs.weight_decay : 0.0005
2025-05-27 00:01:54,024 - PoinTr - INFO - config.scheduler = edict()
2025-05-27 00:01:54,024 - PoinTr - INFO - config.scheduler.type : LambdaLR
2025-05-27 00:01:54,024 - PoinTr - INFO - config.scheduler.kwargs = edict()
2025-05-27 00:01:54,024 - PoinTr - INFO - config.scheduler.kwargs.decay_step : 21
2025-05-27 00:01:54,024 - PoinTr - INFO - config.scheduler.kwargs.lr_decay : 0.9
2025-05-27 00:01:54,024 - PoinTr - INFO - config.scheduler.kwargs.lowest_decay : 0.02
2025-05-27 00:01:54,024 - PoinTr - INFO - config.bnmscheduler = edict()
2025-05-27 00:01:54,024 - PoinTr - INFO - config.bnmscheduler.type : Lambda
2025-05-27 00:01:54,024 - PoinTr - INFO - config.bnmscheduler.kwargs = edict()
2025-05-27 00:01:54,024 - PoinTr - INFO - config.bnmscheduler.kwargs.decay_step : 21
2025-05-27 00:01:54,024 - PoinTr - INFO - config.bnmscheduler.kwargs.bn_decay : 0.5
2025-05-27 00:01:54,024 - PoinTr - INFO - config.bnmscheduler.kwargs.bn_momentum : 0.9
2025-05-27 00:01:54,024 - PoinTr - INFO - config.bnmscheduler.kwargs.lowest_decay : 0.01
2025-05-27 00:01:54,024 - PoinTr - INFO - config.dataset = edict()
2025-05-27 00:01:54,024 - PoinTr - INFO - config.dataset.train = edict()
2025-05-27 00:01:54,024 - PoinTr - INFO - config.dataset.train._base_ = edict()
2025-05-27 00:01:54,024 - PoinTr - INFO - config.dataset.train._base_.NAME : PCN
2025-05-27 00:01:54,024 - PoinTr - INFO - config.dataset.train._base_.CATEGORY_FILE_PATH : data/PCN/PCN.json
2025-05-27 00:01:54,024 - PoinTr - INFO - config.dataset.train._base_.N_POINTS : 16384
2025-05-27 00:01:54,024 - PoinTr - INFO - config.dataset.train._base_.N_RENDERINGS : 8
2025-05-27 00:01:54,024 - PoinTr - INFO - config.dataset.train._base_.PARTIAL_POINTS_PATH : data/PCN/%s/partial/%s/%s/%02d.pcd
2025-05-27 00:01:54,024 - PoinTr - INFO - config.dataset.train._base_.COMPLETE_POINTS_PATH : data/PCN/%s/complete/%s/%s.pcd
2025-05-27 00:01:54,024 - PoinTr - INFO - config.dataset.train._base_.CARS : False
2025-05-27 00:01:54,024 - PoinTr - INFO - config.dataset.train.others = edict()
2025-05-27 00:01:54,024 - PoinTr - INFO - config.dataset.train.others.subset : train
2025-05-27 00:01:54,024 - PoinTr - INFO - config.dataset.train.others.bs : 48
2025-05-27 00:01:54,024 - PoinTr - INFO - config.dataset.val = edict()
2025-05-27 00:01:54,024 - PoinTr - INFO - config.dataset.val._base_ = edict()
2025-05-27 00:01:54,024 - PoinTr - INFO - config.dataset.val._base_.NAME : PCN
2025-05-27 00:01:54,024 - PoinTr - INFO - config.dataset.val._base_.CATEGORY_FILE_PATH : data/PCN/PCN.json
2025-05-27 00:01:54,024 - PoinTr - INFO - config.dataset.val._base_.N_POINTS : 16384
2025-05-27 00:01:54,024 - PoinTr - INFO - config.dataset.val._base_.N_RENDERINGS : 8
2025-05-27 00:01:54,024 - PoinTr - INFO - config.dataset.val._base_.PARTIAL_POINTS_PATH : data/PCN/%s/partial/%s/%s/%02d.pcd
2025-05-27 00:01:54,024 - PoinTr - INFO - config.dataset.val._base_.COMPLETE_POINTS_PATH : data/PCN/%s/complete/%s/%s.pcd
2025-05-27 00:01:54,024 - PoinTr - INFO - config.dataset.val._base_.CARS : False
2025-05-27 00:01:54,025 - PoinTr - INFO - config.dataset.val.others = edict()
2025-05-27 00:01:54,025 - PoinTr - INFO - config.dataset.val.others.subset : test
2025-05-27 00:01:54,025 - PoinTr - INFO - config.dataset.test = edict()
2025-05-27 00:01:54,025 - PoinTr - INFO - config.dataset.test._base_ = edict()
2025-05-27 00:01:54,025 - PoinTr - INFO - config.dataset.test._base_.NAME : PCN
2025-05-27 00:01:54,025 - PoinTr - INFO - config.dataset.test._base_.CATEGORY_FILE_PATH : data/PCN/PCN.json
2025-05-27 00:01:54,025 - PoinTr - INFO - config.dataset.test._base_.N_POINTS : 16384
2025-05-27 00:01:54,025 - PoinTr - INFO - config.dataset.test._base_.N_RENDERINGS : 8
2025-05-27 00:01:54,025 - PoinTr - INFO - config.dataset.test._base_.PARTIAL_POINTS_PATH : data/PCN/%s/partial/%s/%s/%02d.pcd
2025-05-27 00:01:54,025 - PoinTr - INFO - config.dataset.test._base_.COMPLETE_POINTS_PATH : data/PCN/%s/complete/%s/%s.pcd
2025-05-27 00:01:54,025 - PoinTr - INFO - config.dataset.test._base_.CARS : False
2025-05-27 00:01:54,025 - PoinTr - INFO - config.dataset.test.others = edict()
2025-05-27 00:01:54,025 - PoinTr - INFO - config.dataset.test.others.subset : test
2025-05-27 00:01:54,025 - PoinTr - INFO - config.model = edict()
2025-05-27 00:01:54,025 - PoinTr - INFO - config.model.NAME : PoinTr
2025-05-27 00:01:54,025 - PoinTr - INFO - config.model.num_pred : 14336
2025-05-27 00:01:54,025 - PoinTr - INFO - config.model.num_query : 224
2025-05-27 00:01:54,025 - PoinTr - INFO - config.model.knn_layer : 1
2025-05-27 00:01:54,025 - PoinTr - INFO - config.model.trans_dim : 384
2025-05-27 00:01:54,025 - PoinTr - INFO - config.total_bs : 48
2025-05-27 00:01:54,025 - PoinTr - INFO - config.step_per_update : 1
2025-05-27 00:01:54,025 - PoinTr - INFO - config.max_epoch : 300
2025-05-27 00:01:54,025 - PoinTr - INFO - config.consider_metric : CDL1
2025-05-27 00:01:54,025 - PoinTr - INFO - Distributed training: True
2025-05-27 00:01:54,025 - PoinTr - INFO - Set random seed to 0, deterministic: False
2025-05-27 00:01:54,650 - PoinTr - INFO - Trainable_parameters:
2025-05-27 00:01:54,650 - PoinTr - INFO - =========================
2025-05-27 00:01:54,650 - PoinTr - INFO - base_model.grouper.input_trans.weight
2025-05-27 00:01:54,650 - PoinTr - INFO - base_model.grouper.input_trans.bias
2025-05-27 00:01:54,650 - PoinTr - INFO - base_model.grouper.layer1.0.weight
2025-05-27 00:01:54,650 - PoinTr - INFO - base_model.grouper.layer1.1.weight
2025-05-27 00:01:54,650 - PoinTr - INFO - base_model.grouper.layer1.1.bias
2025-05-27 00:01:54,650 - PoinTr - INFO - base_model.grouper.layer2.0.weight
2025-05-27 00:01:54,650 - PoinTr - INFO - base_model.grouper.layer2.1.weight
2025-05-27 00:01:54,650 - PoinTr - INFO - base_model.grouper.layer2.1.bias
2025-05-27 00:01:54,650 - PoinTr - INFO - base_model.grouper.layer3.0.weight
2025-05-27 00:01:54,650 - PoinTr - INFO - base_model.grouper.layer3.1.weight
2025-05-27 00:01:54,650 - PoinTr - INFO - base_model.grouper.layer3.1.bias
2025-05-27 00:01:54,650 - PoinTr - INFO - base_model.grouper.layer4.0.weight
2025-05-27 00:01:54,650 - PoinTr - INFO - base_model.grouper.layer4.1.weight
2025-05-27 00:01:54,650 - PoinTr - INFO - base_model.grouper.layer4.1.bias
2025-05-27 00:01:54,650 - PoinTr - INFO - base_model.pos_embed.0.weight
2025-05-27 00:01:54,650 - PoinTr - INFO - base_model.pos_embed.0.bias
2025-05-27 00:01:54,650 - PoinTr - INFO - base_model.pos_embed.1.weight
2025-05-27 00:01:54,650 - PoinTr - INFO - base_model.pos_embed.1.bias
2025-05-27 00:01:54,650 - PoinTr - INFO - base_model.pos_embed.3.weight
2025-05-27 00:01:54,650 - PoinTr - INFO - base_model.pos_embed.3.bias
2025-05-27 00:01:54,650 - PoinTr - INFO - base_model.input_proj.0.weight
2025-05-27 00:01:54,650 - PoinTr - INFO - base_model.input_proj.0.bias
2025-05-27 00:01:54,650 - PoinTr - INFO - base_model.input_proj.1.weight
2025-05-27 00:01:54,650 - PoinTr - INFO - base_model.input_proj.1.bias
2025-05-27 00:01:54,650 - PoinTr - INFO - base_model.input_proj.3.weight
2025-05-27 00:01:54,650 - PoinTr - INFO - base_model.input_proj.3.bias
2025-05-27 00:01:54,650 - PoinTr - INFO - base_model.encoder.0.norm1.weight
2025-05-27 00:01:54,650 - PoinTr - INFO - base_model.encoder.0.norm1.bias
2025-05-27 00:01:54,650 - PoinTr - INFO - base_model.encoder.0.attn.qkv.weight
2025-05-27 00:01:54,650 - PoinTr - INFO - base_model.encoder.0.attn.proj.weight
2025-05-27 00:01:54,650 - PoinTr - INFO - base_model.encoder.0.attn.proj.bias
2025-05-27 00:01:54,650 - PoinTr - INFO - base_model.encoder.0.norm2.weight
2025-05-27 00:01:54,650 - PoinTr - INFO - base_model.encoder.0.norm2.bias
2025-05-27 00:01:54,650 - PoinTr - INFO - base_model.encoder.0.knn_map.0.weight
2025-05-27 00:01:54,650 - PoinTr - INFO - base_model.encoder.0.knn_map.0.bias
2025-05-27 00:01:54,650 - PoinTr - INFO - base_model.encoder.0.merge_map.weight
2025-05-27 00:01:54,650 - PoinTr - INFO - base_model.encoder.0.merge_map.bias
2025-05-27 00:01:54,650 - PoinTr - INFO - base_model.encoder.0.mlp.fc1.weight
2025-05-27 00:01:54,650 - PoinTr - INFO - base_model.encoder.0.mlp.fc1.bias
2025-05-27 00:01:54,650 - PoinTr - INFO - base_model.encoder.0.mlp.fc2.weight
2025-05-27 00:01:54,650 - PoinTr - INFO - base_model.encoder.0.mlp.fc2.bias
2025-05-27 00:01:54,650 - PoinTr - INFO - base_model.encoder.1.norm1.weight
2025-05-27 00:01:54,650 - PoinTr - INFO - base_model.encoder.1.norm1.bias
2025-05-27 00:01:54,650 - PoinTr - INFO - base_model.encoder.1.attn.qkv.weight
2025-05-27 00:01:54,650 - PoinTr - INFO - base_model.encoder.1.attn.proj.weight
2025-05-27 00:01:54,650 - PoinTr - INFO - base_model.encoder.1.attn.proj.bias
2025-05-27 00:01:54,650 - PoinTr - INFO - base_model.encoder.1.norm2.weight
2025-05-27 00:01:54,650 - PoinTr - INFO - base_model.encoder.1.norm2.bias
2025-05-27 00:01:54,650 - PoinTr - INFO - base_model.encoder.1.knn_map.0.weight
2025-05-27 00:01:54,650 - PoinTr - INFO - base_model.encoder.1.knn_map.0.bias
2025-05-27 00:01:54,650 - PoinTr - INFO - base_model.encoder.1.merge_map.weight
2025-05-27 00:01:54,650 - PoinTr - INFO - base_model.encoder.1.merge_map.bias
2025-05-27 00:01:54,650 - PoinTr - INFO - base_model.encoder.1.mlp.fc1.weight
2025-05-27 00:01:54,650 - PoinTr - INFO - base_model.encoder.1.mlp.fc1.bias
2025-05-27 00:01:54,651 - PoinTr - INFO - base_model.encoder.1.mlp.fc2.weight
2025-05-27 00:01:54,651 - PoinTr - INFO - base_model.encoder.1.mlp.fc2.bias
2025-05-27 00:01:54,651 - PoinTr - INFO - base_model.encoder.2.norm1.weight
2025-05-27 00:01:54,651 - PoinTr - INFO - base_model.encoder.2.norm1.bias
2025-05-27 00:01:54,651 - PoinTr - INFO - base_model.encoder.2.attn.qkv.weight
2025-05-27 00:01:54,651 - PoinTr - INFO - base_model.encoder.2.attn.proj.weight
2025-05-27 00:01:54,651 - PoinTr - INFO - base_model.encoder.2.attn.proj.bias
2025-05-27 00:01:54,651 - PoinTr - INFO - base_model.encoder.2.norm2.weight
2025-05-27 00:01:54,651 - PoinTr - INFO - base_model.encoder.2.norm2.bias
2025-05-27 00:01:54,651 - PoinTr - INFO - base_model.encoder.2.knn_map.0.weight
2025-05-27 00:01:54,651 - PoinTr - INFO - base_model.encoder.2.knn_map.0.bias
2025-05-27 00:01:54,651 - PoinTr - INFO - base_model.encoder.2.merge_map.weight
2025-05-27 00:01:54,651 - PoinTr - INFO - base_model.encoder.2.merge_map.bias
2025-05-27 00:01:54,651 - PoinTr - INFO - base_model.encoder.2.mlp.fc1.weight
2025-05-27 00:01:54,651 - PoinTr - INFO - base_model.encoder.2.mlp.fc1.bias
2025-05-27 00:01:54,651 - PoinTr - INFO - base_model.encoder.2.mlp.fc2.weight
2025-05-27 00:01:54,651 - PoinTr - INFO - base_model.encoder.2.mlp.fc2.bias
2025-05-27 00:01:54,651 - PoinTr - INFO - base_model.encoder.3.norm1.weight
2025-05-27 00:01:54,651 - PoinTr - INFO - base_model.encoder.3.norm1.bias
2025-05-27 00:01:54,651 - PoinTr - INFO - base_model.encoder.3.attn.qkv.weight
2025-05-27 00:01:54,651 - PoinTr - INFO - base_model.encoder.3.attn.proj.weight
2025-05-27 00:01:54,651 - PoinTr - INFO - base_model.encoder.3.attn.proj.bias
2025-05-27 00:01:54,651 - PoinTr - INFO - base_model.encoder.3.norm2.weight
2025-05-27 00:01:54,651 - PoinTr - INFO - base_model.encoder.3.norm2.bias
2025-05-27 00:01:54,651 - PoinTr - INFO - base_model.encoder.3.knn_map.0.weight
2025-05-27 00:01:54,651 - PoinTr - INFO - base_model.encoder.3.knn_map.0.bias
2025-05-27 00:01:54,651 - PoinTr - INFO - base_model.encoder.3.merge_map.weight
2025-05-27 00:01:54,651 - PoinTr - INFO - base_model.encoder.3.merge_map.bias
2025-05-27 00:01:54,651 - PoinTr - INFO - base_model.encoder.3.mlp.fc1.weight
2025-05-27 00:01:54,651 - PoinTr - INFO - base_model.encoder.3.mlp.fc1.bias
2025-05-27 00:01:54,651 - PoinTr - INFO - base_model.encoder.3.mlp.fc2.weight
2025-05-27 00:01:54,651 - PoinTr - INFO - base_model.encoder.3.mlp.fc2.bias
2025-05-27 00:01:54,651 - PoinTr - INFO - base_model.encoder.4.norm1.weight
2025-05-27 00:01:54,651 - PoinTr - INFO - base_model.encoder.4.norm1.bias
2025-05-27 00:01:54,651 - PoinTr - INFO - base_model.encoder.4.attn.qkv.weight
2025-05-27 00:01:54,651 - PoinTr - INFO - base_model.encoder.4.attn.proj.weight
2025-05-27 00:01:54,651 - PoinTr - INFO - base_model.encoder.4.attn.proj.bias
2025-05-27 00:01:54,651 - PoinTr - INFO - base_model.encoder.4.norm2.weight
2025-05-27 00:01:54,651 - PoinTr - INFO - base_model.encoder.4.norm2.bias
2025-05-27 00:01:54,651 - PoinTr - INFO - base_model.encoder.4.knn_map.0.weight
2025-05-27 00:01:54,651 - PoinTr - INFO - base_model.encoder.4.knn_map.0.bias
2025-05-27 00:01:54,651 - PoinTr - INFO - base_model.encoder.4.merge_map.weight
2025-05-27 00:01:54,651 - PoinTr - INFO - base_model.encoder.4.merge_map.bias
2025-05-27 00:01:54,651 - PoinTr - INFO - base_model.encoder.4.mlp.fc1.weight
2025-05-27 00:01:54,651 - PoinTr - INFO - base_model.encoder.4.mlp.fc1.bias
2025-05-27 00:01:54,651 - PoinTr - INFO - base_model.encoder.4.mlp.fc2.weight
2025-05-27 00:01:54,651 - PoinTr - INFO - base_model.encoder.4.mlp.fc2.bias
2025-05-27 00:01:54,651 - PoinTr - INFO - base_model.encoder.5.norm1.weight
2025-05-27 00:01:54,651 - PoinTr - INFO - base_model.encoder.5.norm1.bias
2025-05-27 00:01:54,651 - PoinTr - INFO - base_model.encoder.5.attn.qkv.weight
2025-05-27 00:01:54,651 - PoinTr - INFO - base_model.encoder.5.attn.proj.weight
2025-05-27 00:01:54,651 - PoinTr - INFO - base_model.encoder.5.attn.proj.bias
2025-05-27 00:01:54,651 - PoinTr - INFO - base_model.encoder.5.norm2.weight
2025-05-27 00:01:54,651 - PoinTr - INFO - base_model.encoder.5.norm2.bias
2025-05-27 00:01:54,651 - PoinTr - INFO - base_model.encoder.5.knn_map.0.weight
2025-05-27 00:01:54,651 - PoinTr - INFO - base_model.encoder.5.knn_map.0.bias
2025-05-27 00:01:54,651 - PoinTr - INFO - base_model.encoder.5.merge_map.weight
2025-05-27 00:01:54,651 - PoinTr - INFO - base_model.encoder.5.merge_map.bias
2025-05-27 00:01:54,651 - PoinTr - INFO - base_model.encoder.5.mlp.fc1.weight
2025-05-27 00:01:54,651 - PoinTr - INFO - base_model.encoder.5.mlp.fc1.bias
2025-05-27 00:01:54,651 - PoinTr - INFO - base_model.encoder.5.mlp.fc2.weight
2025-05-27 00:01:54,651 - PoinTr - INFO - base_model.encoder.5.mlp.fc2.bias
2025-05-27 00:01:54,651 - PoinTr - INFO - base_model.increase_dim.0.weight
2025-05-27 00:01:54,651 - PoinTr - INFO - base_model.increase_dim.0.bias
2025-05-27 00:01:54,651 - PoinTr - INFO - base_model.increase_dim.1.weight
2025-05-27 00:01:54,651 - PoinTr - INFO - base_model.increase_dim.1.bias
2025-05-27 00:01:54,651 - PoinTr - INFO - base_model.increase_dim.3.weight
2025-05-27 00:01:54,651 - PoinTr - INFO - base_model.increase_dim.3.bias
2025-05-27 00:01:54,651 - PoinTr - INFO - base_model.coarse_pred.0.weight
2025-05-27 00:01:54,651 - PoinTr - INFO - base_model.coarse_pred.0.bias
2025-05-27 00:01:54,652 - PoinTr - INFO - base_model.coarse_pred.2.weight
2025-05-27 00:01:54,652 - PoinTr - INFO - base_model.coarse_pred.2.bias
2025-05-27 00:01:54,652 - PoinTr - INFO - base_model.mlp_query.0.weight
2025-05-27 00:01:54,652 - PoinTr - INFO - base_model.mlp_query.0.bias
2025-05-27 00:01:54,652 - PoinTr - INFO - base_model.mlp_query.2.weight
2025-05-27 00:01:54,652 - PoinTr - INFO - base_model.mlp_query.2.bias
2025-05-27 00:01:54,652 - PoinTr - INFO - base_model.mlp_query.4.weight
2025-05-27 00:01:54,652 - PoinTr - INFO - base_model.mlp_query.4.bias
2025-05-27 00:01:54,652 - PoinTr - INFO - base_model.decoder.0.norm1.weight
2025-05-27 00:01:54,652 - PoinTr - INFO - base_model.decoder.0.norm1.bias
2025-05-27 00:01:54,652 - PoinTr - INFO - base_model.decoder.0.self_attn.qkv.weight
2025-05-27 00:01:54,652 - PoinTr - INFO - base_model.decoder.0.self_attn.proj.weight
2025-05-27 00:01:54,652 - PoinTr - INFO - base_model.decoder.0.self_attn.proj.bias
2025-05-27 00:01:54,652 - PoinTr - INFO - base_model.decoder.0.norm_q.weight
2025-05-27 00:01:54,652 - PoinTr - INFO - base_model.decoder.0.norm_q.bias
2025-05-27 00:01:54,652 - PoinTr - INFO - base_model.decoder.0.norm_v.weight
2025-05-27 00:01:54,652 - PoinTr - INFO - base_model.decoder.0.norm_v.bias
2025-05-27 00:01:54,652 - PoinTr - INFO - base_model.decoder.0.attn.q_map.weight
2025-05-27 00:01:54,652 - PoinTr - INFO - base_model.decoder.0.attn.k_map.weight
2025-05-27 00:01:54,652 - PoinTr - INFO - base_model.decoder.0.attn.v_map.weight
2025-05-27 00:01:54,652 - PoinTr - INFO - base_model.decoder.0.attn.proj.weight
2025-05-27 00:01:54,652 - PoinTr - INFO - base_model.decoder.0.attn.proj.bias
2025-05-27 00:01:54,652 - PoinTr - INFO - base_model.decoder.0.norm2.weight
2025-05-27 00:01:54,652 - PoinTr - INFO - base_model.decoder.0.norm2.bias
2025-05-27 00:01:54,652 - PoinTr - INFO - base_model.decoder.0.mlp.fc1.weight
2025-05-27 00:01:54,652 - PoinTr - INFO - base_model.decoder.0.mlp.fc1.bias
2025-05-27 00:01:54,652 - PoinTr - INFO - base_model.decoder.0.mlp.fc2.weight
2025-05-27 00:01:54,652 - PoinTr - INFO - base_model.decoder.0.mlp.fc2.bias
2025-05-27 00:01:54,652 - PoinTr - INFO - base_model.decoder.0.knn_map.0.weight
2025-05-27 00:01:54,652 - PoinTr - INFO - base_model.decoder.0.knn_map.0.bias
2025-05-27 00:01:54,652 - PoinTr - INFO - base_model.decoder.0.merge_map.weight
2025-05-27 00:01:54,652 - PoinTr - INFO - base_model.decoder.0.merge_map.bias
2025-05-27 00:01:54,652 - PoinTr - INFO - base_model.decoder.0.knn_map_cross.0.weight
2025-05-27 00:01:54,652 - PoinTr - INFO - base_model.decoder.0.knn_map_cross.0.bias
2025-05-27 00:01:54,652 - PoinTr - INFO - base_model.decoder.0.merge_map_cross.weight
2025-05-27 00:01:54,652 - PoinTr - INFO - base_model.decoder.0.merge_map_cross.bias
2025-05-27 00:01:54,652 - PoinTr - INFO - base_model.decoder.1.norm1.weight
2025-05-27 00:01:54,652 - PoinTr - INFO - base_model.decoder.1.norm1.bias
2025-05-27 00:01:54,652 - PoinTr - INFO - base_model.decoder.1.self_attn.qkv.weight
2025-05-27 00:01:54,652 - PoinTr - INFO - base_model.decoder.1.self_attn.proj.weight
2025-05-27 00:01:54,652 - PoinTr - INFO - base_model.decoder.1.self_attn.proj.bias
2025-05-27 00:01:54,652 - PoinTr - INFO - base_model.decoder.1.norm_q.weight
2025-05-27 00:01:54,652 - PoinTr - INFO - base_model.decoder.1.norm_q.bias
2025-05-27 00:01:54,652 - PoinTr - INFO - base_model.decoder.1.norm_v.weight
2025-05-27 00:01:54,652 - PoinTr - INFO - base_model.decoder.1.norm_v.bias
2025-05-27 00:01:54,652 - PoinTr - INFO - base_model.decoder.1.attn.q_map.weight
2025-05-27 00:01:54,652 - PoinTr - INFO - base_model.decoder.1.attn.k_map.weight
2025-05-27 00:01:54,652 - PoinTr - INFO - base_model.decoder.1.attn.v_map.weight
2025-05-27 00:01:54,652 - PoinTr - INFO - base_model.decoder.1.attn.proj.weight
2025-05-27 00:01:54,652 - PoinTr - INFO - base_model.decoder.1.attn.proj.bias
2025-05-27 00:01:54,652 - PoinTr - INFO - base_model.decoder.1.norm2.weight
2025-05-27 00:01:54,652 - PoinTr - INFO - base_model.decoder.1.norm2.bias
2025-05-27 00:01:54,652 - PoinTr - INFO - base_model.decoder.1.mlp.fc1.weight
2025-05-27 00:01:54,652 - PoinTr - INFO - base_model.decoder.1.mlp.fc1.bias
2025-05-27 00:01:54,652 - PoinTr - INFO - base_model.decoder.1.mlp.fc2.weight
2025-05-27 00:01:54,652 - PoinTr - INFO - base_model.decoder.1.mlp.fc2.bias
2025-05-27 00:01:54,652 - PoinTr - INFO - base_model.decoder.1.knn_map.0.weight
2025-05-27 00:01:54,652 - PoinTr - INFO - base_model.decoder.1.knn_map.0.bias
2025-05-27 00:01:54,652 - PoinTr - INFO - base_model.decoder.1.merge_map.weight
2025-05-27 00:01:54,652 - PoinTr - INFO - base_model.decoder.1.merge_map.bias
2025-05-27 00:01:54,652 - PoinTr - INFO - base_model.decoder.1.knn_map_cross.0.weight
2025-05-27 00:01:54,652 - PoinTr - INFO - base_model.decoder.1.knn_map_cross.0.bias
2025-05-27 00:01:54,652 - PoinTr - INFO - base_model.decoder.1.merge_map_cross.weight
2025-05-27 00:01:54,652 - PoinTr - INFO - base_model.decoder.1.merge_map_cross.bias
2025-05-27 00:01:54,652 - PoinTr - INFO - base_model.decoder.2.norm1.weight
2025-05-27 00:01:54,652 - PoinTr - INFO - base_model.decoder.2.norm1.bias
2025-05-27 00:01:54,652 - PoinTr - INFO - base_model.decoder.2.self_attn.qkv.weight
2025-05-27 00:01:54,652 - PoinTr - INFO - base_model.decoder.2.self_attn.proj.weight
2025-05-27 00:01:54,653 - PoinTr - INFO - base_model.decoder.2.self_attn.proj.bias
2025-05-27 00:01:54,653 - PoinTr - INFO - base_model.decoder.2.norm_q.weight
2025-05-27 00:01:54,653 - PoinTr - INFO - base_model.decoder.2.norm_q.bias
2025-05-27 00:01:54,653 - PoinTr - INFO - base_model.decoder.2.norm_v.weight
2025-05-27 00:01:54,653 - PoinTr - INFO - base_model.decoder.2.norm_v.bias
2025-05-27 00:01:54,653 - PoinTr - INFO - base_model.decoder.2.attn.q_map.weight
2025-05-27 00:01:54,653 - PoinTr - INFO - base_model.decoder.2.attn.k_map.weight
2025-05-27 00:01:54,653 - PoinTr - INFO - base_model.decoder.2.attn.v_map.weight
2025-05-27 00:01:54,653 - PoinTr - INFO - base_model.decoder.2.attn.proj.weight
2025-05-27 00:01:54,653 - PoinTr - INFO - base_model.decoder.2.attn.proj.bias
2025-05-27 00:01:54,653 - PoinTr - INFO - base_model.decoder.2.norm2.weight
2025-05-27 00:01:54,653 - PoinTr - INFO - base_model.decoder.2.norm2.bias
2025-05-27 00:01:54,653 - PoinTr - INFO - base_model.decoder.2.mlp.fc1.weight
2025-05-27 00:01:54,653 - PoinTr - INFO - base_model.decoder.2.mlp.fc1.bias
2025-05-27 00:01:54,653 - PoinTr - INFO - base_model.decoder.2.mlp.fc2.weight
2025-05-27 00:01:54,653 - PoinTr - INFO - base_model.decoder.2.mlp.fc2.bias
2025-05-27 00:01:54,653 - PoinTr - INFO - base_model.decoder.2.knn_map.0.weight
2025-05-27 00:01:54,653 - PoinTr - INFO - base_model.decoder.2.knn_map.0.bias
2025-05-27 00:01:54,653 - PoinTr - INFO - base_model.decoder.2.merge_map.weight
2025-05-27 00:01:54,653 - PoinTr - INFO - base_model.decoder.2.merge_map.bias
2025-05-27 00:01:54,653 - PoinTr - INFO - base_model.decoder.2.knn_map_cross.0.weight
2025-05-27 00:01:54,653 - PoinTr - INFO - base_model.decoder.2.knn_map_cross.0.bias
2025-05-27 00:01:54,653 - PoinTr - INFO - base_model.decoder.2.merge_map_cross.weight
2025-05-27 00:01:54,653 - PoinTr - INFO - base_model.decoder.2.merge_map_cross.bias
2025-05-27 00:01:54,653 - PoinTr - INFO - base_model.decoder.3.norm1.weight
2025-05-27 00:01:54,653 - PoinTr - INFO - base_model.decoder.3.norm1.bias
2025-05-27 00:01:54,653 - PoinTr - INFO - base_model.decoder.3.self_attn.qkv.weight
2025-05-27 00:01:54,653 - PoinTr - INFO - base_model.decoder.3.self_attn.proj.weight
2025-05-27 00:01:54,653 - PoinTr - INFO - base_model.decoder.3.self_attn.proj.bias
2025-05-27 00:01:54,653 - PoinTr - INFO - base_model.decoder.3.norm_q.weight
2025-05-27 00:01:54,653 - PoinTr - INFO - base_model.decoder.3.norm_q.bias
2025-05-27 00:01:54,653 - PoinTr - INFO - base_model.decoder.3.norm_v.weight
2025-05-27 00:01:54,653 - PoinTr - INFO - base_model.decoder.3.norm_v.bias
2025-05-27 00:01:54,653 - PoinTr - INFO - base_model.decoder.3.attn.q_map.weight
2025-05-27 00:01:54,653 - PoinTr - INFO - base_model.decoder.3.attn.k_map.weight
2025-05-27 00:01:54,653 - PoinTr - INFO - base_model.decoder.3.attn.v_map.weight
2025-05-27 00:01:54,653 - PoinTr - INFO - base_model.decoder.3.attn.proj.weight
2025-05-27 00:01:54,653 - PoinTr - INFO - base_model.decoder.3.attn.proj.bias
2025-05-27 00:01:54,653 - PoinTr - INFO - base_model.decoder.3.norm2.weight
2025-05-27 00:01:54,653 - PoinTr - INFO - base_model.decoder.3.norm2.bias
2025-05-27 00:01:54,653 - PoinTr - INFO - base_model.decoder.3.mlp.fc1.weight
2025-05-27 00:01:54,653 - PoinTr - INFO - base_model.decoder.3.mlp.fc1.bias
2025-05-27 00:01:54,653 - PoinTr - INFO - base_model.decoder.3.mlp.fc2.weight
2025-05-27 00:01:54,653 - PoinTr - INFO - base_model.decoder.3.mlp.fc2.bias
2025-05-27 00:01:54,653 - PoinTr - INFO - base_model.decoder.3.knn_map.0.weight
2025-05-27 00:01:54,653 - PoinTr - INFO - base_model.decoder.3.knn_map.0.bias
2025-05-27 00:01:54,653 - PoinTr - INFO - base_model.decoder.3.merge_map.weight
2025-05-27 00:01:54,653 - PoinTr - INFO - base_model.decoder.3.merge_map.bias
2025-05-27 00:01:54,653 - PoinTr - INFO - base_model.decoder.3.knn_map_cross.0.weight
2025-05-27 00:01:54,653 - PoinTr - INFO - base_model.decoder.3.knn_map_cross.0.bias
2025-05-27 00:01:54,653 - PoinTr - INFO - base_model.decoder.3.merge_map_cross.weight
2025-05-27 00:01:54,653 - PoinTr - INFO - base_model.decoder.3.merge_map_cross.bias
2025-05-27 00:01:54,653 - PoinTr - INFO - base_model.decoder.4.norm1.weight
2025-05-27 00:01:54,653 - PoinTr - INFO - base_model.decoder.4.norm1.bias
2025-05-27 00:01:54,653 - PoinTr - INFO - base_model.decoder.4.self_attn.qkv.weight
2025-05-27 00:01:54,653 - PoinTr - INFO - base_model.decoder.4.self_attn.proj.weight
2025-05-27 00:01:54,653 - PoinTr - INFO - base_model.decoder.4.self_attn.proj.bias
2025-05-27 00:01:54,653 - PoinTr - INFO - base_model.decoder.4.norm_q.weight
2025-05-27 00:01:54,653 - PoinTr - INFO - base_model.decoder.4.norm_q.bias
2025-05-27 00:01:54,653 - PoinTr - INFO - base_model.decoder.4.norm_v.weight
2025-05-27 00:01:54,653 - PoinTr - INFO - base_model.decoder.4.norm_v.bias
2025-05-27 00:01:54,653 - PoinTr - INFO - base_model.decoder.4.attn.q_map.weight
2025-05-27 00:01:54,653 - PoinTr - INFO - base_model.decoder.4.attn.k_map.weight
2025-05-27 00:01:54,653 - PoinTr - INFO - base_model.decoder.4.attn.v_map.weight
2025-05-27 00:01:54,653 - PoinTr - INFO - base_model.decoder.4.attn.proj.weight
2025-05-27 00:01:54,653 - PoinTr - INFO - base_model.decoder.4.attn.proj.bias
2025-05-27 00:01:54,653 - PoinTr - INFO - base_model.decoder.4.norm2.weight
2025-05-27 00:01:54,653 - PoinTr - INFO - base_model.decoder.4.norm2.bias
2025-05-27 00:01:54,653 - PoinTr - INFO - base_model.decoder.4.mlp.fc1.weight
2025-05-27 00:01:54,653 - PoinTr - INFO - base_model.decoder.4.mlp.fc1.bias
2025-05-27 00:01:54,654 - PoinTr - INFO - base_model.decoder.4.mlp.fc2.weight
2025-05-27 00:01:54,654 - PoinTr - INFO - base_model.decoder.4.mlp.fc2.bias
2025-05-27 00:01:54,654 - PoinTr - INFO - base_model.decoder.4.knn_map.0.weight
2025-05-27 00:01:54,654 - PoinTr - INFO - base_model.decoder.4.knn_map.0.bias
2025-05-27 00:01:54,654 - PoinTr - INFO - base_model.decoder.4.merge_map.weight
2025-05-27 00:01:54,654 - PoinTr - INFO - base_model.decoder.4.merge_map.bias
2025-05-27 00:01:54,654 - PoinTr - INFO - base_model.decoder.4.knn_map_cross.0.weight
2025-05-27 00:01:54,654 - PoinTr - INFO - base_model.decoder.4.knn_map_cross.0.bias
2025-05-27 00:01:54,654 - PoinTr - INFO - base_model.decoder.4.merge_map_cross.weight
2025-05-27 00:01:54,654 - PoinTr - INFO - base_model.decoder.4.merge_map_cross.bias
2025-05-27 00:01:54,654 - PoinTr - INFO - base_model.decoder.5.norm1.weight
2025-05-27 00:01:54,654 - PoinTr - INFO - base_model.decoder.5.norm1.bias
2025-05-27 00:01:54,654 - PoinTr - INFO - base_model.decoder.5.self_attn.qkv.weight
2025-05-27 00:01:54,654 - PoinTr - INFO - base_model.decoder.5.self_attn.proj.weight
2025-05-27 00:01:54,654 - PoinTr - INFO - base_model.decoder.5.self_attn.proj.bias
2025-05-27 00:01:54,654 - PoinTr - INFO - base_model.decoder.5.norm_q.weight
2025-05-27 00:01:54,654 - PoinTr - INFO - base_model.decoder.5.norm_q.bias
2025-05-27 00:01:54,654 - PoinTr - INFO - base_model.decoder.5.norm_v.weight
2025-05-27 00:01:54,654 - PoinTr - INFO - base_model.decoder.5.norm_v.bias
2025-05-27 00:01:54,654 - PoinTr - INFO - base_model.decoder.5.attn.q_map.weight
2025-05-27 00:01:54,654 - PoinTr - INFO - base_model.decoder.5.attn.k_map.weight
2025-05-27 00:01:54,654 - PoinTr - INFO - base_model.decoder.5.attn.v_map.weight
2025-05-27 00:01:54,654 - PoinTr - INFO - base_model.decoder.5.attn.proj.weight
2025-05-27 00:01:54,654 - PoinTr - INFO - base_model.decoder.5.attn.proj.bias
2025-05-27 00:01:54,654 - PoinTr - INFO - base_model.decoder.5.norm2.weight
2025-05-27 00:01:54,654 - PoinTr - INFO - base_model.decoder.5.norm2.bias
2025-05-27 00:01:54,654 - PoinTr - INFO - base_model.decoder.5.mlp.fc1.weight
2025-05-27 00:01:54,654 - PoinTr - INFO - base_model.decoder.5.mlp.fc1.bias
2025-05-27 00:01:54,654 - PoinTr - INFO - base_model.decoder.5.mlp.fc2.weight
2025-05-27 00:01:54,654 - PoinTr - INFO - base_model.decoder.5.mlp.fc2.bias
2025-05-27 00:01:54,654 - PoinTr - INFO - base_model.decoder.5.knn_map.0.weight
2025-05-27 00:01:54,654 - PoinTr - INFO - base_model.decoder.5.knn_map.0.bias
2025-05-27 00:01:54,654 - PoinTr - INFO - base_model.decoder.5.merge_map.weight
2025-05-27 00:01:54,654 - PoinTr - INFO - base_model.decoder.5.merge_map.bias
2025-05-27 00:01:54,654 - PoinTr - INFO - base_model.decoder.5.knn_map_cross.0.weight
2025-05-27 00:01:54,654 - PoinTr - INFO - base_model.decoder.5.knn_map_cross.0.bias
2025-05-27 00:01:54,654 - PoinTr - INFO - base_model.decoder.5.merge_map_cross.weight
2025-05-27 00:01:54,654 - PoinTr - INFO - base_model.decoder.5.merge_map_cross.bias
2025-05-27 00:01:54,654 - PoinTr - INFO - base_model.decoder.6.norm1.weight
2025-05-27 00:01:54,654 - PoinTr - INFO - base_model.decoder.6.norm1.bias
2025-05-27 00:01:54,654 - PoinTr - INFO - base_model.decoder.6.self_attn.qkv.weight
2025-05-27 00:01:54,654 - PoinTr - INFO - base_model.decoder.6.self_attn.proj.weight
2025-05-27 00:01:54,654 - PoinTr - INFO - base_model.decoder.6.self_attn.proj.bias
2025-05-27 00:01:54,654 - PoinTr - INFO - base_model.decoder.6.norm_q.weight
2025-05-27 00:01:54,654 - PoinTr - INFO - base_model.decoder.6.norm_q.bias
2025-05-27 00:01:54,654 - PoinTr - INFO - base_model.decoder.6.norm_v.weight
2025-05-27 00:01:54,654 - PoinTr - INFO - base_model.decoder.6.norm_v.bias
2025-05-27 00:01:54,654 - PoinTr - INFO - base_model.decoder.6.attn.q_map.weight
2025-05-27 00:01:54,654 - PoinTr - INFO - base_model.decoder.6.attn.k_map.weight
2025-05-27 00:01:54,654 - PoinTr - INFO - base_model.decoder.6.attn.v_map.weight
2025-05-27 00:01:54,654 - PoinTr - INFO - base_model.decoder.6.attn.proj.weight
2025-05-27 00:01:54,654 - PoinTr - INFO - base_model.decoder.6.attn.proj.bias
2025-05-27 00:01:54,654 - PoinTr - INFO - base_model.decoder.6.norm2.weight
2025-05-27 00:01:54,654 - PoinTr - INFO - base_model.decoder.6.norm2.bias
2025-05-27 00:01:54,654 - PoinTr - INFO - base_model.decoder.6.mlp.fc1.weight
2025-05-27 00:01:54,654 - PoinTr - INFO - base_model.decoder.6.mlp.fc1.bias
2025-05-27 00:01:54,654 - PoinTr - INFO - base_model.decoder.6.mlp.fc2.weight
2025-05-27 00:01:54,654 - PoinTr - INFO - base_model.decoder.6.mlp.fc2.bias
2025-05-27 00:01:54,654 - PoinTr - INFO - base_model.decoder.6.knn_map.0.weight
2025-05-27 00:01:54,654 - PoinTr - INFO - base_model.decoder.6.knn_map.0.bias
2025-05-27 00:01:54,654 - PoinTr - INFO - base_model.decoder.6.merge_map.weight
2025-05-27 00:01:54,654 - PoinTr - INFO - base_model.decoder.6.merge_map.bias
2025-05-27 00:01:54,654 - PoinTr - INFO - base_model.decoder.6.knn_map_cross.0.weight
2025-05-27 00:01:54,654 - PoinTr - INFO - base_model.decoder.6.knn_map_cross.0.bias
2025-05-27 00:01:54,654 - PoinTr - INFO - base_model.decoder.6.merge_map_cross.weight
2025-05-27 00:01:54,654 - PoinTr - INFO - base_model.decoder.6.merge_map_cross.bias
2025-05-27 00:01:54,654 - PoinTr - INFO - base_model.decoder.7.norm1.weight
2025-05-27 00:01:54,654 - PoinTr - INFO - base_model.decoder.7.norm1.bias
2025-05-27 00:01:54,654 - PoinTr - INFO - base_model.decoder.7.self_attn.qkv.weight
2025-05-27 00:01:54,654 - PoinTr - INFO - base_model.decoder.7.self_attn.proj.weight
2025-05-27 00:01:54,655 - PoinTr - INFO - base_model.decoder.7.self_attn.proj.bias
2025-05-27 00:01:54,655 - PoinTr - INFO - base_model.decoder.7.norm_q.weight
2025-05-27 00:01:54,655 - PoinTr - INFO - base_model.decoder.7.norm_q.bias
2025-05-27 00:01:54,655 - PoinTr - INFO - base_model.decoder.7.norm_v.weight
2025-05-27 00:01:54,655 - PoinTr - INFO - base_model.decoder.7.norm_v.bias
2025-05-27 00:01:54,655 - PoinTr - INFO - base_model.decoder.7.attn.q_map.weight
2025-05-27 00:01:54,655 - PoinTr - INFO - base_model.decoder.7.attn.k_map.weight
2025-05-27 00:01:54,655 - PoinTr - INFO - base_model.decoder.7.attn.v_map.weight
2025-05-27 00:01:54,655 - PoinTr - INFO - base_model.decoder.7.attn.proj.weight
2025-05-27 00:01:54,655 - PoinTr - INFO - base_model.decoder.7.attn.proj.bias
2025-05-27 00:01:54,655 - PoinTr - INFO - base_model.decoder.7.norm2.weight
2025-05-27 00:01:54,655 - PoinTr - INFO - base_model.decoder.7.norm2.bias
2025-05-27 00:01:54,655 - PoinTr - INFO - base_model.decoder.7.mlp.fc1.weight
2025-05-27 00:01:54,655 - PoinTr - INFO - base_model.decoder.7.mlp.fc1.bias
2025-05-27 00:01:54,655 - PoinTr - INFO - base_model.decoder.7.mlp.fc2.weight
2025-05-27 00:01:54,655 - PoinTr - INFO - base_model.decoder.7.mlp.fc2.bias
2025-05-27 00:01:54,655 - PoinTr - INFO - base_model.decoder.7.knn_map.0.weight
2025-05-27 00:01:54,655 - PoinTr - INFO - base_model.decoder.7.knn_map.0.bias
2025-05-27 00:01:54,655 - PoinTr - INFO - base_model.decoder.7.merge_map.weight
2025-05-27 00:01:54,655 - PoinTr - INFO - base_model.decoder.7.merge_map.bias
2025-05-27 00:01:54,655 - PoinTr - INFO - base_model.decoder.7.knn_map_cross.0.weight
2025-05-27 00:01:54,655 - PoinTr - INFO - base_model.decoder.7.knn_map_cross.0.bias
2025-05-27 00:01:54,655 - PoinTr - INFO - base_model.decoder.7.merge_map_cross.weight
2025-05-27 00:01:54,655 - PoinTr - INFO - base_model.decoder.7.merge_map_cross.bias
2025-05-27 00:01:54,655 - PoinTr - INFO - foldingnet.folding1.0.weight
2025-05-27 00:01:54,655 - PoinTr - INFO - foldingnet.folding1.0.bias
2025-05-27 00:01:54,655 - PoinTr - INFO - foldingnet.folding1.1.weight
2025-05-27 00:01:54,655 - PoinTr - INFO - foldingnet.folding1.1.bias
2025-05-27 00:01:54,655 - PoinTr - INFO - foldingnet.folding1.3.weight
2025-05-27 00:01:54,655 - PoinTr - INFO - foldingnet.folding1.3.bias
2025-05-27 00:01:54,655 - PoinTr - INFO - foldingnet.folding1.4.weight
2025-05-27 00:01:54,655 - PoinTr - INFO - foldingnet.folding1.4.bias
2025-05-27 00:01:54,655 - PoinTr - INFO - foldingnet.folding1.6.weight
2025-05-27 00:01:54,655 - PoinTr - INFO - foldingnet.folding1.6.bias
2025-05-27 00:01:54,655 - PoinTr - INFO - foldingnet.folding2.0.weight
2025-05-27 00:01:54,655 - PoinTr - INFO - foldingnet.folding2.0.bias
2025-05-27 00:01:54,655 - PoinTr - INFO - foldingnet.folding2.1.weight
2025-05-27 00:01:54,655 - PoinTr - INFO - foldingnet.folding2.1.bias
2025-05-27 00:01:54,655 - PoinTr - INFO - foldingnet.folding2.3.weight
2025-05-27 00:01:54,655 - PoinTr - INFO - foldingnet.folding2.3.bias
2025-05-27 00:01:54,655 - PoinTr - INFO - foldingnet.folding2.4.weight
2025-05-27 00:01:54,655 - PoinTr - INFO - foldingnet.folding2.4.bias
2025-05-27 00:01:54,655 - PoinTr - INFO - foldingnet.folding2.6.weight
2025-05-27 00:01:54,655 - PoinTr - INFO - foldingnet.folding2.6.bias
2025-05-27 00:01:54,655 - PoinTr - INFO - increase_dim.0.weight
2025-05-27 00:01:54,655 - PoinTr - INFO - increase_dim.0.bias
2025-05-27 00:01:54,655 - PoinTr - INFO - increase_dim.1.weight
2025-05-27 00:01:54,655 - PoinTr - INFO - increase_dim.1.bias
2025-05-27 00:01:54,655 - PoinTr - INFO - increase_dim.3.weight
2025-05-27 00:01:54,655 - PoinTr - INFO - increase_dim.3.bias
2025-05-27 00:01:54,655 - PoinTr - INFO - reduce_map.weight
2025-05-27 00:01:54,655 - PoinTr - INFO - reduce_map.bias
2025-05-27 00:01:54,655 - PoinTr - INFO - =========================
2025-05-27 00:01:54,655 - PoinTr - INFO - Untrainable_parameters:
2025-05-27 00:01:54,655 - PoinTr - INFO - =========================
2025-05-27 00:01:54,656 - PoinTr - INFO - =========================
2025-05-27 00:01:54,657 - PoinTr - INFO - Using Synchronized BatchNorm ...
2025-05-27 00:01:54,758 - PoinTr - INFO - Using Distributed Data parallel ...
2025-05-27 00:02:08,587 - PoinTr - INFO - [Epoch 0/300][Batch 1/603] BatchTime = 13.827 (s) DataTime = 9.342 (s) Losses = ['118.0047', '267.6283'] lr = 0.000500
2025-05-27 00:02:49,110 - PoinTr - INFO - [Epoch 0/300][Batch 101/603] BatchTime = 0.365 (s) DataTime = 0.001 (s) Losses = ['27.0459', '32.9024'] lr = 0.000500
2025-05-27 00:03:32,156 - PoinTr - INFO - [Epoch 0/300][Batch 201/603] BatchTime = 0.628 (s) DataTime = 0.262 (s) Losses = ['25.6873', '31.3676'] lr = 0.000500
2025-05-27 00:04:18,346 - PoinTr - INFO - [Epoch 0/300][Batch 301/603] BatchTime = 0.366 (s) DataTime = 0.002 (s) Losses = ['23.1759', '26.1472'] lr = 0.000500
2025-05-27 00:05:05,448 - PoinTr - INFO - [Epoch 0/300][Batch 401/603] BatchTime = 0.368 (s) DataTime = 0.001 (s) Losses = ['25.6335', '26.0576'] lr = 0.000500
2025-05-27 00:05:50,828 - PoinTr - INFO - [Epoch 0/300][Batch 501/603] BatchTime = 0.365 (s) DataTime = 0.001 (s) Losses = ['25.9894', '26.7568'] lr = 0.000500
2025-05-27 00:06:40,523 - PoinTr - INFO - [Epoch 0/300][Batch 601/603] BatchTime = 0.368 (s) DataTime = 0.001 (s) Losses = ['23.0007', '22.8617'] lr = 0.000500
2025-05-27 00:06:41,877 - PoinTr - INFO - [Training] EPOCH: 0 EpochTime = 287.117 (s) Losses = ['27.8340', '33.1576']
2025-05-27 00:06:41,877 - PoinTr - INFO - [VALIDATION] Start validating epoch 0
2025-05-27 00:07:19,466 - PoinTr - INFO - Test[121/1210] Taxonomy = 02691156 Sample = ee672fc1455b9fc43523242fdf9b75a7 Losses = ['14.2296', '1.3419', '14.6284', '1.3695'] Metrics = ['0.5203', '14.7957', '1.3948', '0.0000']
2025-05-27 00:07:24,899 - PoinTr - INFO - Test[242/1210] Taxonomy = 02933112 Sample = 429638b99d096c89c59350d819542ec7 Losses = ['32.9711', '4.0446', '28.5552', '2.5675'] Metrics = ['0.2087', '29.2078', '2.6482', '0.0000']
2025-05-27 00:07:30,225 - PoinTr - INFO - Test[363/1210] Taxonomy = 02958343 Sample = cd34d1a016a5c97e5b7d03c1aa2764f0 Losses = ['27.5235', '2.1336', '18.9988', '1.1014'] Metrics = ['0.2574', '19.1047', '1.1362', '0.0000']
2025-05-27 00:07:35,565 - PoinTr - INFO - Test[484/1210] Taxonomy = 03001627 Sample = 8c629a89e570c8776a9cd58b3a6e8ee5 Losses = ['18.7900', '1.3346', '20.0226', '1.6460'] Metrics = ['0.3796', '20.1517', '1.6661', '0.0000']
2025-05-27 00:07:40,909 - PoinTr - INFO - Test[605/1210] Taxonomy = 03001627 Sample = 38d623b46d07a93fb7d9d23574a480ae Losses = ['17.2960', '1.1004', '17.9105', '1.2500'] Metrics = ['0.3884', '18.6723', '1.3257', '0.0000']
2025-05-27 00:07:46,289 - PoinTr - INFO - Test[726/1210] Taxonomy = 03636649 Sample = bd234f132e160fad8f045e3f1e9c8518 Losses = ['15.2881', '1.4825', '33.9201', '4.9541'] Metrics = ['0.2367', '35.3186', '5.2041', '0.0000']
2025-05-27 00:07:51,698 - PoinTr - INFO - Test[847/1210] Taxonomy = 04256520 Sample = 92720933afa1dfdcb5c1550bc8448972 Losses = ['28.1815', '2.9448', '33.1584', '4.1928'] Metrics = ['0.2260', '33.5690', '4.2753', '0.0000']
2025-05-27 00:07:57,074 - PoinTr - INFO - Test[968/1210] Taxonomy = 04379243 Sample = bb9304218d9741489ccce4c6d5bb195f Losses = ['21.3472', '1.4223', '22.1448', '1.9706'] Metrics = ['0.3298', '22.0265', '1.9518', '0.0000']
2025-05-27 00:08:02,422 - PoinTr - INFO - Test[1089/1210] Taxonomy = 04530566 Sample = 8676b1989d68f3e970c565b5a7d76650 Losses = ['15.4768', '0.8261', '14.6601', '1.0084'] Metrics = ['0.5191', '12.8347', '0.6850', '0.0000']
2025-05-27 00:08:07,798 - PoinTr - INFO - Test[1210/1210] Taxonomy = 04530566 Sample = 294644520ccc2ce27795dd28016933fc Losses = ['10.1123', '0.4071', '13.4939', '0.7965'] Metrics = ['0.4924', '13.9647', '0.8462', '0.0000']
2025-05-27 00:08:08,430 - PoinTr - INFO - [Validation] EPOCH: 0  Metrics = ['0.2808', '498.4947', '9165.2981', '0.0000']
2025-05-27 00:08:08,431 - PoinTr - INFO - ============================ TEST RESULTS ============================
2025-05-27 00:08:08,431 - PoinTr - INFO - Taxonomy	#Sample	F-Score	CDL1	CDL2	EMDistance	#ModelName	
