2025-05-26 23:05:07,129 - PoinTr_Tree - INFO - Copy the Config file from ./cfgs/PCN_models/PoinTr_Tree.yaml to ./experiments/PoinTr_Tree/PCN_models/tree_exp/config.yaml
2025-05-26 23:05:07,129 - PoinTr_Tree - INFO - args.config : ./cfgs/PCN_models/PoinTr_Tree.yaml
2025-05-26 23:05:07,129 - PoinTr_Tree - INFO - args.launcher : pytorch
2025-05-26 23:05:07,129 - PoinTr_Tree - INFO - args.local_rank : 0
2025-05-26 23:05:07,129 - PoinTr_Tree - INFO - args.num_workers : 4
2025-05-26 23:05:07,129 - PoinTr_Tree - INFO - args.seed : 0
2025-05-26 23:05:07,129 - PoinTr_Tree - INFO - args.deterministic : False
2025-05-26 23:05:07,129 - PoinTr_Tree - INFO - args.sync_bn : True
2025-05-26 23:05:07,129 - PoinTr_Tree - INFO - args.exp_name : tree_exp
2025-05-26 23:05:07,129 - PoinTr_Tree - INFO - args.start_ckpts : None
2025-05-26 23:05:07,129 - PoinTr_Tree - INFO - args.ckpts : None
2025-05-26 23:05:07,129 - PoinTr_Tree - INFO - args.val_freq : 1
2025-05-26 23:05:07,129 - PoinTr_Tree - INFO - args.resume : False
2025-05-26 23:05:07,129 - PoinTr_Tree - INFO - args.test : False
2025-05-26 23:05:07,129 - PoinTr_Tree - INFO - args.mode : None
2025-05-26 23:05:07,129 - PoinTr_Tree - INFO - args.experiment_path : ./experiments/PoinTr_Tree/PCN_models/tree_exp
2025-05-26 23:05:07,129 - PoinTr_Tree - INFO - args.tfboard_path : ./experiments/PoinTr_Tree/PCN_models/TFBoard/tree_exp
2025-05-26 23:05:07,129 - PoinTr_Tree - INFO - args.log_name : PoinTr_Tree
2025-05-26 23:05:07,129 - PoinTr_Tree - INFO - args.use_gpu : True
2025-05-26 23:05:07,129 - PoinTr_Tree - INFO - args.distributed : True
2025-05-26 23:05:07,129 - PoinTr_Tree - INFO - args.world_size : 1
2025-05-26 23:05:07,130 - PoinTr_Tree - INFO - config.optimizer = edict()
2025-05-26 23:05:07,130 - PoinTr_Tree - INFO - config.optimizer.type : AdamW
2025-05-26 23:05:07,130 - PoinTr_Tree - INFO - config.optimizer.kwargs = edict()
2025-05-26 23:05:07,130 - PoinTr_Tree - INFO - config.optimizer.kwargs.lr : 0.0005
2025-05-26 23:05:07,130 - PoinTr_Tree - INFO - config.optimizer.kwargs.weight_decay : 0.0005
2025-05-26 23:05:07,130 - PoinTr_Tree - INFO - config.scheduler = edict()
2025-05-26 23:05:07,130 - PoinTr_Tree - INFO - config.scheduler.type : LambdaLR
2025-05-26 23:05:07,130 - PoinTr_Tree - INFO - config.scheduler.kwargs = edict()
2025-05-26 23:05:07,130 - PoinTr_Tree - INFO - config.scheduler.kwargs.decay_step : 21
2025-05-26 23:05:07,130 - PoinTr_Tree - INFO - config.scheduler.kwargs.lr_decay : 0.9
2025-05-26 23:05:07,130 - PoinTr_Tree - INFO - config.scheduler.kwargs.lowest_decay : 0.02
2025-05-26 23:05:07,130 - PoinTr_Tree - INFO - config.bnmscheduler = edict()
2025-05-26 23:05:07,130 - PoinTr_Tree - INFO - config.bnmscheduler.type : Lambda
2025-05-26 23:05:07,130 - PoinTr_Tree - INFO - config.bnmscheduler.kwargs = edict()
2025-05-26 23:05:07,130 - PoinTr_Tree - INFO - config.bnmscheduler.kwargs.decay_step : 21
2025-05-26 23:05:07,130 - PoinTr_Tree - INFO - config.bnmscheduler.kwargs.bn_decay : 0.5
2025-05-26 23:05:07,130 - PoinTr_Tree - INFO - config.bnmscheduler.kwargs.bn_momentum : 0.9
2025-05-26 23:05:07,130 - PoinTr_Tree - INFO - config.bnmscheduler.kwargs.lowest_decay : 0.01
2025-05-26 23:05:07,130 - PoinTr_Tree - INFO - config.dataset = edict()
2025-05-26 23:05:07,130 - PoinTr_Tree - INFO - config.dataset.train = edict()
2025-05-26 23:05:07,130 - PoinTr_Tree - INFO - config.dataset.train._base_ = edict()
2025-05-26 23:05:07,130 - PoinTr_Tree - INFO - config.dataset.train._base_.NAME : Tree
2025-05-26 23:05:07,130 - PoinTr_Tree - INFO - config.dataset.train._base_.CATEGORY_FILE_PATH : data/Tree/PCN.json
2025-05-26 23:05:07,130 - PoinTr_Tree - INFO - config.dataset.train._base_.N_POINTS : 16384
2025-05-26 23:05:07,130 - PoinTr_Tree - INFO - config.dataset.train._base_.N_RENDERINGS : 8
2025-05-26 23:05:07,130 - PoinTr_Tree - INFO - config.dataset.train._base_.PARTIAL_POINTS_PATH : data/Tree/%s/partial/%s/%s/%02d.pcd
2025-05-26 23:05:07,130 - PoinTr_Tree - INFO - config.dataset.train._base_.COMPLETE_POINTS_PATH : data/Tree/%s/complete/%s/%s.pcd
2025-05-26 23:05:07,130 - PoinTr_Tree - INFO - config.dataset.train._base_.CARS : False
2025-05-26 23:05:07,130 - PoinTr_Tree - INFO - config.dataset.train.others = edict()
2025-05-26 23:05:07,130 - PoinTr_Tree - INFO - config.dataset.train.others.subset : train
2025-05-26 23:05:07,130 - PoinTr_Tree - INFO - config.dataset.train.others.bs : 16
2025-05-26 23:05:07,130 - PoinTr_Tree - INFO - config.dataset.val = edict()
2025-05-26 23:05:07,130 - PoinTr_Tree - INFO - config.dataset.val._base_ = edict()
2025-05-26 23:05:07,130 - PoinTr_Tree - INFO - config.dataset.val._base_.NAME : Tree
2025-05-26 23:05:07,130 - PoinTr_Tree - INFO - config.dataset.val._base_.CATEGORY_FILE_PATH : data/Tree/PCN.json
2025-05-26 23:05:07,130 - PoinTr_Tree - INFO - config.dataset.val._base_.N_POINTS : 16384
2025-05-26 23:05:07,130 - PoinTr_Tree - INFO - config.dataset.val._base_.N_RENDERINGS : 8
2025-05-26 23:05:07,130 - PoinTr_Tree - INFO - config.dataset.val._base_.PARTIAL_POINTS_PATH : data/Tree/%s/partial/%s/%s/%02d.pcd
2025-05-26 23:05:07,130 - PoinTr_Tree - INFO - config.dataset.val._base_.COMPLETE_POINTS_PATH : data/Tree/%s/complete/%s/%s.pcd
2025-05-26 23:05:07,130 - PoinTr_Tree - INFO - config.dataset.val._base_.CARS : False
2025-05-26 23:05:07,130 - PoinTr_Tree - INFO - config.dataset.val.others = edict()
2025-05-26 23:05:07,130 - PoinTr_Tree - INFO - config.dataset.val.others.subset : test
2025-05-26 23:05:07,130 - PoinTr_Tree - INFO - config.dataset.test = edict()
2025-05-26 23:05:07,130 - PoinTr_Tree - INFO - config.dataset.test._base_ = edict()
2025-05-26 23:05:07,130 - PoinTr_Tree - INFO - config.dataset.test._base_.NAME : Tree
2025-05-26 23:05:07,130 - PoinTr_Tree - INFO - config.dataset.test._base_.CATEGORY_FILE_PATH : data/Tree/PCN.json
2025-05-26 23:05:07,130 - PoinTr_Tree - INFO - config.dataset.test._base_.N_POINTS : 16384
2025-05-26 23:05:07,130 - PoinTr_Tree - INFO - config.dataset.test._base_.N_RENDERINGS : 8
2025-05-26 23:05:07,130 - PoinTr_Tree - INFO - config.dataset.test._base_.PARTIAL_POINTS_PATH : data/Tree/%s/partial/%s/%s/%02d.pcd
2025-05-26 23:05:07,130 - PoinTr_Tree - INFO - config.dataset.test._base_.COMPLETE_POINTS_PATH : data/Tree/%s/complete/%s/%s.pcd
2025-05-26 23:05:07,130 - PoinTr_Tree - INFO - config.dataset.test._base_.CARS : False
2025-05-26 23:05:07,130 - PoinTr_Tree - INFO - config.dataset.test.others = edict()
2025-05-26 23:05:07,130 - PoinTr_Tree - INFO - config.dataset.test.others.subset : test
2025-05-26 23:05:07,130 - PoinTr_Tree - INFO - config.model = edict()
2025-05-26 23:05:07,130 - PoinTr_Tree - INFO - config.model.NAME : PoinTr
2025-05-26 23:05:07,130 - PoinTr_Tree - INFO - config.model.num_pred : 14336
2025-05-26 23:05:07,130 - PoinTr_Tree - INFO - config.model.num_query : 224
2025-05-26 23:05:07,130 - PoinTr_Tree - INFO - config.model.knn_layer : 1
2025-05-26 23:05:07,130 - PoinTr_Tree - INFO - config.model.trans_dim : 384
2025-05-26 23:05:07,130 - PoinTr_Tree - INFO - config.total_bs : 16
2025-05-26 23:05:07,130 - PoinTr_Tree - INFO - config.step_per_update : 1
2025-05-26 23:05:07,130 - PoinTr_Tree - INFO - config.max_epoch : 300
2025-05-26 23:05:07,130 - PoinTr_Tree - INFO - config.consider_metric : CDL1
2025-05-26 23:05:07,130 - PoinTr_Tree - INFO - Distributed training: True
2025-05-26 23:05:07,130 - PoinTr_Tree - INFO - Set random seed to 0, deterministic: False
