2025-05-26 23:32:19,435 - PoinTr_Tree - INFO - Copy the Config file from ./cfgs/PCN_models/PoinTr_Tree.yaml to ./experiments/PoinTr_Tree/PCN_models/tree_exp/config.yaml
2025-05-26 23:32:19,435 - PoinTr_Tree - INFO - args.config : ./cfgs/PCN_models/PoinTr_Tree.yaml
2025-05-26 23:32:19,435 - PoinTr_Tree - INFO - args.launcher : pytorch
2025-05-26 23:32:19,435 - PoinTr_Tree - INFO - args.local_rank : 0
2025-05-26 23:32:19,435 - PoinTr_Tree - INFO - args.num_workers : 4
2025-05-26 23:32:19,435 - PoinTr_Tree - INFO - args.seed : 0
2025-05-26 23:32:19,435 - PoinTr_Tree - INFO - args.deterministic : False
2025-05-26 23:32:19,435 - PoinTr_Tree - INFO - args.sync_bn : True
2025-05-26 23:32:19,435 - PoinTr_Tree - INFO - args.exp_name : tree_exp
2025-05-26 23:32:19,435 - PoinTr_Tree - INFO - args.start_ckpts : None
2025-05-26 23:32:19,435 - PoinTr_Tree - INFO - args.ckpts : None
2025-05-26 23:32:19,435 - PoinTr_Tree - INFO - args.val_freq : 1
2025-05-26 23:32:19,435 - PoinTr_Tree - INFO - args.resume : False
2025-05-26 23:32:19,435 - PoinTr_Tree - INFO - args.test : False
2025-05-26 23:32:19,435 - PoinTr_Tree - INFO - args.mode : None
2025-05-26 23:32:19,435 - PoinTr_Tree - INFO - args.experiment_path : ./experiments/PoinTr_Tree/PCN_models/tree_exp
2025-05-26 23:32:19,435 - PoinTr_Tree - INFO - args.tfboard_path : ./experiments/PoinTr_Tree/PCN_models/TFBoard/tree_exp
2025-05-26 23:32:19,435 - PoinTr_Tree - INFO - args.log_name : PoinTr_Tree
2025-05-26 23:32:19,435 - PoinTr_Tree - INFO - args.use_gpu : True
2025-05-26 23:32:19,435 - PoinTr_Tree - INFO - args.distributed : True
2025-05-26 23:32:19,435 - PoinTr_Tree - INFO - args.world_size : 1
2025-05-26 23:32:19,435 - PoinTr_Tree - INFO - config.optimizer = edict()
2025-05-26 23:32:19,435 - PoinTr_Tree - INFO - config.optimizer.type : AdamW
2025-05-26 23:32:19,435 - PoinTr_Tree - INFO - config.optimizer.kwargs = edict()
2025-05-26 23:32:19,435 - PoinTr_Tree - INFO - config.optimizer.kwargs.lr : 0.0005
2025-05-26 23:32:19,435 - PoinTr_Tree - INFO - config.optimizer.kwargs.weight_decay : 0.0005
2025-05-26 23:32:19,435 - PoinTr_Tree - INFO - config.scheduler = edict()
2025-05-26 23:32:19,435 - PoinTr_Tree - INFO - config.scheduler.type : LambdaLR
2025-05-26 23:32:19,435 - PoinTr_Tree - INFO - config.scheduler.kwargs = edict()
2025-05-26 23:32:19,435 - PoinTr_Tree - INFO - config.scheduler.kwargs.decay_step : 21
2025-05-26 23:32:19,435 - PoinTr_Tree - INFO - config.scheduler.kwargs.lr_decay : 0.9
2025-05-26 23:32:19,435 - PoinTr_Tree - INFO - config.scheduler.kwargs.lowest_decay : 0.02
2025-05-26 23:32:19,435 - PoinTr_Tree - INFO - config.bnmscheduler = edict()
2025-05-26 23:32:19,435 - PoinTr_Tree - INFO - config.bnmscheduler.type : Lambda
2025-05-26 23:32:19,435 - PoinTr_Tree - INFO - config.bnmscheduler.kwargs = edict()
2025-05-26 23:32:19,435 - PoinTr_Tree - INFO - config.bnmscheduler.kwargs.decay_step : 21
2025-05-26 23:32:19,435 - PoinTr_Tree - INFO - config.bnmscheduler.kwargs.bn_decay : 0.5
2025-05-26 23:32:19,436 - PoinTr_Tree - INFO - config.bnmscheduler.kwargs.bn_momentum : 0.9
2025-05-26 23:32:19,436 - PoinTr_Tree - INFO - config.bnmscheduler.kwargs.lowest_decay : 0.01
2025-05-26 23:32:19,436 - PoinTr_Tree - INFO - config.dataset = edict()
2025-05-26 23:32:19,436 - PoinTr_Tree - INFO - config.dataset.train = edict()
2025-05-26 23:32:19,436 - PoinTr_Tree - INFO - config.dataset.train._base_ = edict()
2025-05-26 23:32:19,436 - PoinTr_Tree - INFO - config.dataset.train._base_.NAME : PCN
2025-05-26 23:32:19,436 - PoinTr_Tree - INFO - config.dataset.train._base_.CATEGORY_FILE_PATH : data/Tree/PCN.json
2025-05-26 23:32:19,436 - PoinTr_Tree - INFO - config.dataset.train._base_.N_POINTS : 16384
2025-05-26 23:32:19,436 - PoinTr_Tree - INFO - config.dataset.train._base_.N_RENDERINGS : 1
2025-05-26 23:32:19,436 - PoinTr_Tree - INFO - config.dataset.train._base_.PARTIAL_POINTS_PATH : data/Tree/%s/partial/%s/%s/%02d.pcd
2025-05-26 23:32:19,436 - PoinTr_Tree - INFO - config.dataset.train._base_.COMPLETE_POINTS_PATH : data/Tree/%s/complete/%s/%s.pcd
2025-05-26 23:32:19,436 - PoinTr_Tree - INFO - config.dataset.train._base_.CARS : False
2025-05-26 23:32:19,436 - PoinTr_Tree - INFO - config.dataset.train.others = edict()
2025-05-26 23:32:19,436 - PoinTr_Tree - INFO - config.dataset.train.others.subset : train
2025-05-26 23:32:19,436 - PoinTr_Tree - INFO - config.dataset.train.others.bs : 16
2025-05-26 23:32:19,436 - PoinTr_Tree - INFO - config.dataset.val = edict()
2025-05-26 23:32:19,436 - PoinTr_Tree - INFO - config.dataset.val._base_ = edict()
2025-05-26 23:32:19,436 - PoinTr_Tree - INFO - config.dataset.val._base_.NAME : PCN
2025-05-26 23:32:19,436 - PoinTr_Tree - INFO - config.dataset.val._base_.CATEGORY_FILE_PATH : data/Tree/PCN.json
2025-05-26 23:32:19,436 - PoinTr_Tree - INFO - config.dataset.val._base_.N_POINTS : 16384
2025-05-26 23:32:19,436 - PoinTr_Tree - INFO - config.dataset.val._base_.N_RENDERINGS : 1
2025-05-26 23:32:19,436 - PoinTr_Tree - INFO - config.dataset.val._base_.PARTIAL_POINTS_PATH : data/Tree/%s/partial/%s/%s/%02d.pcd
2025-05-26 23:32:19,436 - PoinTr_Tree - INFO - config.dataset.val._base_.COMPLETE_POINTS_PATH : data/Tree/%s/complete/%s/%s.pcd
2025-05-26 23:32:19,436 - PoinTr_Tree - INFO - config.dataset.val._base_.CARS : False
2025-05-26 23:32:19,436 - PoinTr_Tree - INFO - config.dataset.val.others = edict()
2025-05-26 23:32:19,436 - PoinTr_Tree - INFO - config.dataset.val.others.subset : test
2025-05-26 23:32:19,436 - PoinTr_Tree - INFO - config.dataset.test = edict()
2025-05-26 23:32:19,436 - PoinTr_Tree - INFO - config.dataset.test._base_ = edict()
2025-05-26 23:32:19,436 - PoinTr_Tree - INFO - config.dataset.test._base_.NAME : PCN
2025-05-26 23:32:19,436 - PoinTr_Tree - INFO - config.dataset.test._base_.CATEGORY_FILE_PATH : data/Tree/PCN.json
2025-05-26 23:32:19,436 - PoinTr_Tree - INFO - config.dataset.test._base_.N_POINTS : 16384
2025-05-26 23:32:19,436 - PoinTr_Tree - INFO - config.dataset.test._base_.N_RENDERINGS : 1
2025-05-26 23:32:19,436 - PoinTr_Tree - INFO - config.dataset.test._base_.PARTIAL_POINTS_PATH : data/Tree/%s/partial/%s/%s/%02d.pcd
2025-05-26 23:32:19,436 - PoinTr_Tree - INFO - config.dataset.test._base_.COMPLETE_POINTS_PATH : data/Tree/%s/complete/%s/%s.pcd
2025-05-26 23:32:19,436 - PoinTr_Tree - INFO - config.dataset.test._base_.CARS : False
2025-05-26 23:32:19,436 - PoinTr_Tree - INFO - config.dataset.test.others = edict()
2025-05-26 23:32:19,436 - PoinTr_Tree - INFO - config.dataset.test.others.subset : test
2025-05-26 23:32:19,436 - PoinTr_Tree - INFO - config.model = edict()
2025-05-26 23:32:19,436 - PoinTr_Tree - INFO - config.model.NAME : PoinTr
2025-05-26 23:32:19,436 - PoinTr_Tree - INFO - config.model.num_pred : 14336
2025-05-26 23:32:19,436 - PoinTr_Tree - INFO - config.model.num_query : 224
2025-05-26 23:32:19,436 - PoinTr_Tree - INFO - config.model.knn_layer : 1
2025-05-26 23:32:19,436 - PoinTr_Tree - INFO - config.model.trans_dim : 384
2025-05-26 23:32:19,436 - PoinTr_Tree - INFO - config.total_bs : 16
2025-05-26 23:32:19,436 - PoinTr_Tree - INFO - config.step_per_update : 1
2025-05-26 23:32:19,436 - PoinTr_Tree - INFO - config.max_epoch : 300
2025-05-26 23:32:19,436 - PoinTr_Tree - INFO - config.consider_metric : CDL1
2025-05-26 23:32:19,436 - PoinTr_Tree - INFO - Distributed training: True
2025-05-26 23:32:19,436 - PoinTr_Tree - INFO - Set random seed to 0, deterministic: False
2025-05-26 23:32:19,812 - PoinTr_Tree - INFO - Trainable_parameters:
2025-05-26 23:32:19,812 - PoinTr_Tree - INFO - =========================
2025-05-26 23:32:19,812 - PoinTr_Tree - INFO - base_model.grouper.input_trans.weight
2025-05-26 23:32:19,812 - PoinTr_Tree - INFO - base_model.grouper.input_trans.bias
2025-05-26 23:32:19,812 - PoinTr_Tree - INFO - base_model.grouper.layer1.0.weight
2025-05-26 23:32:19,812 - PoinTr_Tree - INFO - base_model.grouper.layer1.1.weight
2025-05-26 23:32:19,812 - PoinTr_Tree - INFO - base_model.grouper.layer1.1.bias
2025-05-26 23:32:19,812 - PoinTr_Tree - INFO - base_model.grouper.layer2.0.weight
2025-05-26 23:32:19,812 - PoinTr_Tree - INFO - base_model.grouper.layer2.1.weight
2025-05-26 23:32:19,812 - PoinTr_Tree - INFO - base_model.grouper.layer2.1.bias
2025-05-26 23:32:19,812 - PoinTr_Tree - INFO - base_model.grouper.layer3.0.weight
2025-05-26 23:32:19,812 - PoinTr_Tree - INFO - base_model.grouper.layer3.1.weight
2025-05-26 23:32:19,812 - PoinTr_Tree - INFO - base_model.grouper.layer3.1.bias
2025-05-26 23:32:19,812 - PoinTr_Tree - INFO - base_model.grouper.layer4.0.weight
2025-05-26 23:32:19,812 - PoinTr_Tree - INFO - base_model.grouper.layer4.1.weight
2025-05-26 23:32:19,812 - PoinTr_Tree - INFO - base_model.grouper.layer4.1.bias
2025-05-26 23:32:19,812 - PoinTr_Tree - INFO - base_model.pos_embed.0.weight
2025-05-26 23:32:19,812 - PoinTr_Tree - INFO - base_model.pos_embed.0.bias
2025-05-26 23:32:19,812 - PoinTr_Tree - INFO - base_model.pos_embed.1.weight
2025-05-26 23:32:19,812 - PoinTr_Tree - INFO - base_model.pos_embed.1.bias
2025-05-26 23:32:19,812 - PoinTr_Tree - INFO - base_model.pos_embed.3.weight
2025-05-26 23:32:19,812 - PoinTr_Tree - INFO - base_model.pos_embed.3.bias
2025-05-26 23:32:19,812 - PoinTr_Tree - INFO - base_model.input_proj.0.weight
2025-05-26 23:32:19,812 - PoinTr_Tree - INFO - base_model.input_proj.0.bias
2025-05-26 23:32:19,812 - PoinTr_Tree - INFO - base_model.input_proj.1.weight
2025-05-26 23:32:19,812 - PoinTr_Tree - INFO - base_model.input_proj.1.bias
2025-05-26 23:32:19,812 - PoinTr_Tree - INFO - base_model.input_proj.3.weight
2025-05-26 23:32:19,812 - PoinTr_Tree - INFO - base_model.input_proj.3.bias
2025-05-26 23:32:19,812 - PoinTr_Tree - INFO - base_model.encoder.0.norm1.weight
2025-05-26 23:32:19,812 - PoinTr_Tree - INFO - base_model.encoder.0.norm1.bias
2025-05-26 23:32:19,812 - PoinTr_Tree - INFO - base_model.encoder.0.attn.qkv.weight
2025-05-26 23:32:19,812 - PoinTr_Tree - INFO - base_model.encoder.0.attn.proj.weight
2025-05-26 23:32:19,812 - PoinTr_Tree - INFO - base_model.encoder.0.attn.proj.bias
2025-05-26 23:32:19,812 - PoinTr_Tree - INFO - base_model.encoder.0.norm2.weight
2025-05-26 23:32:19,812 - PoinTr_Tree - INFO - base_model.encoder.0.norm2.bias
2025-05-26 23:32:19,812 - PoinTr_Tree - INFO - base_model.encoder.0.knn_map.0.weight
2025-05-26 23:32:19,812 - PoinTr_Tree - INFO - base_model.encoder.0.knn_map.0.bias
2025-05-26 23:32:19,812 - PoinTr_Tree - INFO - base_model.encoder.0.merge_map.weight
2025-05-26 23:32:19,812 - PoinTr_Tree - INFO - base_model.encoder.0.merge_map.bias
2025-05-26 23:32:19,812 - PoinTr_Tree - INFO - base_model.encoder.0.mlp.fc1.weight
2025-05-26 23:32:19,812 - PoinTr_Tree - INFO - base_model.encoder.0.mlp.fc1.bias
2025-05-26 23:32:19,812 - PoinTr_Tree - INFO - base_model.encoder.0.mlp.fc2.weight
2025-05-26 23:32:19,812 - PoinTr_Tree - INFO - base_model.encoder.0.mlp.fc2.bias
2025-05-26 23:32:19,812 - PoinTr_Tree - INFO - base_model.encoder.1.norm1.weight
2025-05-26 23:32:19,812 - PoinTr_Tree - INFO - base_model.encoder.1.norm1.bias
2025-05-26 23:32:19,812 - PoinTr_Tree - INFO - base_model.encoder.1.attn.qkv.weight
2025-05-26 23:32:19,812 - PoinTr_Tree - INFO - base_model.encoder.1.attn.proj.weight
2025-05-26 23:32:19,812 - PoinTr_Tree - INFO - base_model.encoder.1.attn.proj.bias
2025-05-26 23:32:19,812 - PoinTr_Tree - INFO - base_model.encoder.1.norm2.weight
2025-05-26 23:32:19,812 - PoinTr_Tree - INFO - base_model.encoder.1.norm2.bias
2025-05-26 23:32:19,812 - PoinTr_Tree - INFO - base_model.encoder.1.knn_map.0.weight
2025-05-26 23:32:19,813 - PoinTr_Tree - INFO - base_model.encoder.1.knn_map.0.bias
2025-05-26 23:32:19,813 - PoinTr_Tree - INFO - base_model.encoder.1.merge_map.weight
2025-05-26 23:32:19,813 - PoinTr_Tree - INFO - base_model.encoder.1.merge_map.bias
2025-05-26 23:32:19,813 - PoinTr_Tree - INFO - base_model.encoder.1.mlp.fc1.weight
2025-05-26 23:32:19,813 - PoinTr_Tree - INFO - base_model.encoder.1.mlp.fc1.bias
2025-05-26 23:32:19,813 - PoinTr_Tree - INFO - base_model.encoder.1.mlp.fc2.weight
2025-05-26 23:32:19,813 - PoinTr_Tree - INFO - base_model.encoder.1.mlp.fc2.bias
2025-05-26 23:32:19,813 - PoinTr_Tree - INFO - base_model.encoder.2.norm1.weight
2025-05-26 23:32:19,813 - PoinTr_Tree - INFO - base_model.encoder.2.norm1.bias
2025-05-26 23:32:19,813 - PoinTr_Tree - INFO - base_model.encoder.2.attn.qkv.weight
2025-05-26 23:32:19,813 - PoinTr_Tree - INFO - base_model.encoder.2.attn.proj.weight
2025-05-26 23:32:19,813 - PoinTr_Tree - INFO - base_model.encoder.2.attn.proj.bias
2025-05-26 23:32:19,813 - PoinTr_Tree - INFO - base_model.encoder.2.norm2.weight
2025-05-26 23:32:19,813 - PoinTr_Tree - INFO - base_model.encoder.2.norm2.bias
2025-05-26 23:32:19,813 - PoinTr_Tree - INFO - base_model.encoder.2.knn_map.0.weight
2025-05-26 23:32:19,813 - PoinTr_Tree - INFO - base_model.encoder.2.knn_map.0.bias
2025-05-26 23:32:19,813 - PoinTr_Tree - INFO - base_model.encoder.2.merge_map.weight
2025-05-26 23:32:19,813 - PoinTr_Tree - INFO - base_model.encoder.2.merge_map.bias
2025-05-26 23:32:19,813 - PoinTr_Tree - INFO - base_model.encoder.2.mlp.fc1.weight
2025-05-26 23:32:19,813 - PoinTr_Tree - INFO - base_model.encoder.2.mlp.fc1.bias
2025-05-26 23:32:19,813 - PoinTr_Tree - INFO - base_model.encoder.2.mlp.fc2.weight
2025-05-26 23:32:19,813 - PoinTr_Tree - INFO - base_model.encoder.2.mlp.fc2.bias
2025-05-26 23:32:19,813 - PoinTr_Tree - INFO - base_model.encoder.3.norm1.weight
2025-05-26 23:32:19,813 - PoinTr_Tree - INFO - base_model.encoder.3.norm1.bias
2025-05-26 23:32:19,813 - PoinTr_Tree - INFO - base_model.encoder.3.attn.qkv.weight
2025-05-26 23:32:19,813 - PoinTr_Tree - INFO - base_model.encoder.3.attn.proj.weight
2025-05-26 23:32:19,813 - PoinTr_Tree - INFO - base_model.encoder.3.attn.proj.bias
2025-05-26 23:32:19,813 - PoinTr_Tree - INFO - base_model.encoder.3.norm2.weight
2025-05-26 23:32:19,813 - PoinTr_Tree - INFO - base_model.encoder.3.norm2.bias
2025-05-26 23:32:19,813 - PoinTr_Tree - INFO - base_model.encoder.3.knn_map.0.weight
2025-05-26 23:32:19,813 - PoinTr_Tree - INFO - base_model.encoder.3.knn_map.0.bias
2025-05-26 23:32:19,813 - PoinTr_Tree - INFO - base_model.encoder.3.merge_map.weight
2025-05-26 23:32:19,813 - PoinTr_Tree - INFO - base_model.encoder.3.merge_map.bias
2025-05-26 23:32:19,813 - PoinTr_Tree - INFO - base_model.encoder.3.mlp.fc1.weight
2025-05-26 23:32:19,813 - PoinTr_Tree - INFO - base_model.encoder.3.mlp.fc1.bias
2025-05-26 23:32:19,813 - PoinTr_Tree - INFO - base_model.encoder.3.mlp.fc2.weight
2025-05-26 23:32:19,813 - PoinTr_Tree - INFO - base_model.encoder.3.mlp.fc2.bias
2025-05-26 23:32:19,813 - PoinTr_Tree - INFO - base_model.encoder.4.norm1.weight
2025-05-26 23:32:19,813 - PoinTr_Tree - INFO - base_model.encoder.4.norm1.bias
2025-05-26 23:32:19,813 - PoinTr_Tree - INFO - base_model.encoder.4.attn.qkv.weight
2025-05-26 23:32:19,813 - PoinTr_Tree - INFO - base_model.encoder.4.attn.proj.weight
2025-05-26 23:32:19,813 - PoinTr_Tree - INFO - base_model.encoder.4.attn.proj.bias
2025-05-26 23:32:19,813 - PoinTr_Tree - INFO - base_model.encoder.4.norm2.weight
2025-05-26 23:32:19,813 - PoinTr_Tree - INFO - base_model.encoder.4.norm2.bias
2025-05-26 23:32:19,813 - PoinTr_Tree - INFO - base_model.encoder.4.knn_map.0.weight
2025-05-26 23:32:19,813 - PoinTr_Tree - INFO - base_model.encoder.4.knn_map.0.bias
2025-05-26 23:32:19,813 - PoinTr_Tree - INFO - base_model.encoder.4.merge_map.weight
2025-05-26 23:32:19,813 - PoinTr_Tree - INFO - base_model.encoder.4.merge_map.bias
2025-05-26 23:32:19,813 - PoinTr_Tree - INFO - base_model.encoder.4.mlp.fc1.weight
2025-05-26 23:32:19,813 - PoinTr_Tree - INFO - base_model.encoder.4.mlp.fc1.bias
2025-05-26 23:32:19,813 - PoinTr_Tree - INFO - base_model.encoder.4.mlp.fc2.weight
2025-05-26 23:32:19,813 - PoinTr_Tree - INFO - base_model.encoder.4.mlp.fc2.bias
2025-05-26 23:32:19,813 - PoinTr_Tree - INFO - base_model.encoder.5.norm1.weight
2025-05-26 23:32:19,813 - PoinTr_Tree - INFO - base_model.encoder.5.norm1.bias
2025-05-26 23:32:19,813 - PoinTr_Tree - INFO - base_model.encoder.5.attn.qkv.weight
2025-05-26 23:32:19,813 - PoinTr_Tree - INFO - base_model.encoder.5.attn.proj.weight
2025-05-26 23:32:19,813 - PoinTr_Tree - INFO - base_model.encoder.5.attn.proj.bias
2025-05-26 23:32:19,813 - PoinTr_Tree - INFO - base_model.encoder.5.norm2.weight
2025-05-26 23:32:19,813 - PoinTr_Tree - INFO - base_model.encoder.5.norm2.bias
2025-05-26 23:32:19,813 - PoinTr_Tree - INFO - base_model.encoder.5.knn_map.0.weight
2025-05-26 23:32:19,813 - PoinTr_Tree - INFO - base_model.encoder.5.knn_map.0.bias
2025-05-26 23:32:19,813 - PoinTr_Tree - INFO - base_model.encoder.5.merge_map.weight
2025-05-26 23:32:19,813 - PoinTr_Tree - INFO - base_model.encoder.5.merge_map.bias
2025-05-26 23:32:19,813 - PoinTr_Tree - INFO - base_model.encoder.5.mlp.fc1.weight
2025-05-26 23:32:19,813 - PoinTr_Tree - INFO - base_model.encoder.5.mlp.fc1.bias
2025-05-26 23:32:19,813 - PoinTr_Tree - INFO - base_model.encoder.5.mlp.fc2.weight
2025-05-26 23:32:19,813 - PoinTr_Tree - INFO - base_model.encoder.5.mlp.fc2.bias
2025-05-26 23:32:19,813 - PoinTr_Tree - INFO - base_model.increase_dim.0.weight
2025-05-26 23:32:19,813 - PoinTr_Tree - INFO - base_model.increase_dim.0.bias
2025-05-26 23:32:19,813 - PoinTr_Tree - INFO - base_model.increase_dim.1.weight
2025-05-26 23:32:19,813 - PoinTr_Tree - INFO - base_model.increase_dim.1.bias
2025-05-26 23:32:19,813 - PoinTr_Tree - INFO - base_model.increase_dim.3.weight
2025-05-26 23:32:19,814 - PoinTr_Tree - INFO - base_model.increase_dim.3.bias
2025-05-26 23:32:19,814 - PoinTr_Tree - INFO - base_model.coarse_pred.0.weight
2025-05-26 23:32:19,814 - PoinTr_Tree - INFO - base_model.coarse_pred.0.bias
2025-05-26 23:32:19,814 - PoinTr_Tree - INFO - base_model.coarse_pred.2.weight
2025-05-26 23:32:19,814 - PoinTr_Tree - INFO - base_model.coarse_pred.2.bias
2025-05-26 23:32:19,814 - PoinTr_Tree - INFO - base_model.mlp_query.0.weight
2025-05-26 23:32:19,814 - PoinTr_Tree - INFO - base_model.mlp_query.0.bias
2025-05-26 23:32:19,814 - PoinTr_Tree - INFO - base_model.mlp_query.2.weight
2025-05-26 23:32:19,814 - PoinTr_Tree - INFO - base_model.mlp_query.2.bias
2025-05-26 23:32:19,814 - PoinTr_Tree - INFO - base_model.mlp_query.4.weight
2025-05-26 23:32:19,814 - PoinTr_Tree - INFO - base_model.mlp_query.4.bias
2025-05-26 23:32:19,814 - PoinTr_Tree - INFO - base_model.decoder.0.norm1.weight
2025-05-26 23:32:19,814 - PoinTr_Tree - INFO - base_model.decoder.0.norm1.bias
2025-05-26 23:32:19,814 - PoinTr_Tree - INFO - base_model.decoder.0.self_attn.qkv.weight
2025-05-26 23:32:19,814 - PoinTr_Tree - INFO - base_model.decoder.0.self_attn.proj.weight
2025-05-26 23:32:19,814 - PoinTr_Tree - INFO - base_model.decoder.0.self_attn.proj.bias
2025-05-26 23:32:19,814 - PoinTr_Tree - INFO - base_model.decoder.0.norm_q.weight
2025-05-26 23:32:19,814 - PoinTr_Tree - INFO - base_model.decoder.0.norm_q.bias
2025-05-26 23:32:19,814 - PoinTr_Tree - INFO - base_model.decoder.0.norm_v.weight
2025-05-26 23:32:19,814 - PoinTr_Tree - INFO - base_model.decoder.0.norm_v.bias
2025-05-26 23:32:19,814 - PoinTr_Tree - INFO - base_model.decoder.0.attn.q_map.weight
2025-05-26 23:32:19,814 - PoinTr_Tree - INFO - base_model.decoder.0.attn.k_map.weight
2025-05-26 23:32:19,814 - PoinTr_Tree - INFO - base_model.decoder.0.attn.v_map.weight
2025-05-26 23:32:19,814 - PoinTr_Tree - INFO - base_model.decoder.0.attn.proj.weight
2025-05-26 23:32:19,814 - PoinTr_Tree - INFO - base_model.decoder.0.attn.proj.bias
2025-05-26 23:32:19,814 - PoinTr_Tree - INFO - base_model.decoder.0.norm2.weight
2025-05-26 23:32:19,814 - PoinTr_Tree - INFO - base_model.decoder.0.norm2.bias
2025-05-26 23:32:19,814 - PoinTr_Tree - INFO - base_model.decoder.0.mlp.fc1.weight
2025-05-26 23:32:19,814 - PoinTr_Tree - INFO - base_model.decoder.0.mlp.fc1.bias
2025-05-26 23:32:19,814 - PoinTr_Tree - INFO - base_model.decoder.0.mlp.fc2.weight
2025-05-26 23:32:19,814 - PoinTr_Tree - INFO - base_model.decoder.0.mlp.fc2.bias
2025-05-26 23:32:19,814 - PoinTr_Tree - INFO - base_model.decoder.0.knn_map.0.weight
2025-05-26 23:32:19,814 - PoinTr_Tree - INFO - base_model.decoder.0.knn_map.0.bias
2025-05-26 23:32:19,814 - PoinTr_Tree - INFO - base_model.decoder.0.merge_map.weight
2025-05-26 23:32:19,814 - PoinTr_Tree - INFO - base_model.decoder.0.merge_map.bias
2025-05-26 23:32:19,814 - PoinTr_Tree - INFO - base_model.decoder.0.knn_map_cross.0.weight
2025-05-26 23:32:19,814 - PoinTr_Tree - INFO - base_model.decoder.0.knn_map_cross.0.bias
2025-05-26 23:32:19,814 - PoinTr_Tree - INFO - base_model.decoder.0.merge_map_cross.weight
2025-05-26 23:32:19,814 - PoinTr_Tree - INFO - base_model.decoder.0.merge_map_cross.bias
2025-05-26 23:32:19,814 - PoinTr_Tree - INFO - base_model.decoder.1.norm1.weight
2025-05-26 23:32:19,814 - PoinTr_Tree - INFO - base_model.decoder.1.norm1.bias
2025-05-26 23:32:19,814 - PoinTr_Tree - INFO - base_model.decoder.1.self_attn.qkv.weight
2025-05-26 23:32:19,814 - PoinTr_Tree - INFO - base_model.decoder.1.self_attn.proj.weight
2025-05-26 23:32:19,814 - PoinTr_Tree - INFO - base_model.decoder.1.self_attn.proj.bias
2025-05-26 23:32:19,814 - PoinTr_Tree - INFO - base_model.decoder.1.norm_q.weight
2025-05-26 23:32:19,814 - PoinTr_Tree - INFO - base_model.decoder.1.norm_q.bias
2025-05-26 23:32:19,814 - PoinTr_Tree - INFO - base_model.decoder.1.norm_v.weight
2025-05-26 23:32:19,814 - PoinTr_Tree - INFO - base_model.decoder.1.norm_v.bias
2025-05-26 23:32:19,814 - PoinTr_Tree - INFO - base_model.decoder.1.attn.q_map.weight
2025-05-26 23:32:19,814 - PoinTr_Tree - INFO - base_model.decoder.1.attn.k_map.weight
2025-05-26 23:32:19,814 - PoinTr_Tree - INFO - base_model.decoder.1.attn.v_map.weight
2025-05-26 23:32:19,814 - PoinTr_Tree - INFO - base_model.decoder.1.attn.proj.weight
2025-05-26 23:32:19,814 - PoinTr_Tree - INFO - base_model.decoder.1.attn.proj.bias
2025-05-26 23:32:19,814 - PoinTr_Tree - INFO - base_model.decoder.1.norm2.weight
2025-05-26 23:32:19,814 - PoinTr_Tree - INFO - base_model.decoder.1.norm2.bias
2025-05-26 23:32:19,814 - PoinTr_Tree - INFO - base_model.decoder.1.mlp.fc1.weight
2025-05-26 23:32:19,814 - PoinTr_Tree - INFO - base_model.decoder.1.mlp.fc1.bias
2025-05-26 23:32:19,814 - PoinTr_Tree - INFO - base_model.decoder.1.mlp.fc2.weight
2025-05-26 23:32:19,814 - PoinTr_Tree - INFO - base_model.decoder.1.mlp.fc2.bias
2025-05-26 23:32:19,814 - PoinTr_Tree - INFO - base_model.decoder.1.knn_map.0.weight
2025-05-26 23:32:19,814 - PoinTr_Tree - INFO - base_model.decoder.1.knn_map.0.bias
2025-05-26 23:32:19,814 - PoinTr_Tree - INFO - base_model.decoder.1.merge_map.weight
2025-05-26 23:32:19,814 - PoinTr_Tree - INFO - base_model.decoder.1.merge_map.bias
2025-05-26 23:32:19,814 - PoinTr_Tree - INFO - base_model.decoder.1.knn_map_cross.0.weight
2025-05-26 23:32:19,814 - PoinTr_Tree - INFO - base_model.decoder.1.knn_map_cross.0.bias
2025-05-26 23:32:19,814 - PoinTr_Tree - INFO - base_model.decoder.1.merge_map_cross.weight
2025-05-26 23:32:19,814 - PoinTr_Tree - INFO - base_model.decoder.1.merge_map_cross.bias
2025-05-26 23:32:19,814 - PoinTr_Tree - INFO - base_model.decoder.2.norm1.weight
2025-05-26 23:32:19,814 - PoinTr_Tree - INFO - base_model.decoder.2.norm1.bias
2025-05-26 23:32:19,814 - PoinTr_Tree - INFO - base_model.decoder.2.self_attn.qkv.weight
2025-05-26 23:32:19,814 - PoinTr_Tree - INFO - base_model.decoder.2.self_attn.proj.weight
2025-05-26 23:32:19,814 - PoinTr_Tree - INFO - base_model.decoder.2.self_attn.proj.bias
2025-05-26 23:32:19,815 - PoinTr_Tree - INFO - base_model.decoder.2.norm_q.weight
2025-05-26 23:32:19,815 - PoinTr_Tree - INFO - base_model.decoder.2.norm_q.bias
2025-05-26 23:32:19,815 - PoinTr_Tree - INFO - base_model.decoder.2.norm_v.weight
2025-05-26 23:32:19,815 - PoinTr_Tree - INFO - base_model.decoder.2.norm_v.bias
2025-05-26 23:32:19,815 - PoinTr_Tree - INFO - base_model.decoder.2.attn.q_map.weight
2025-05-26 23:32:19,815 - PoinTr_Tree - INFO - base_model.decoder.2.attn.k_map.weight
2025-05-26 23:32:19,815 - PoinTr_Tree - INFO - base_model.decoder.2.attn.v_map.weight
2025-05-26 23:32:19,815 - PoinTr_Tree - INFO - base_model.decoder.2.attn.proj.weight
2025-05-26 23:32:19,815 - PoinTr_Tree - INFO - base_model.decoder.2.attn.proj.bias
2025-05-26 23:32:19,815 - PoinTr_Tree - INFO - base_model.decoder.2.norm2.weight
2025-05-26 23:32:19,815 - PoinTr_Tree - INFO - base_model.decoder.2.norm2.bias
2025-05-26 23:32:19,815 - PoinTr_Tree - INFO - base_model.decoder.2.mlp.fc1.weight
2025-05-26 23:32:19,815 - PoinTr_Tree - INFO - base_model.decoder.2.mlp.fc1.bias
2025-05-26 23:32:19,815 - PoinTr_Tree - INFO - base_model.decoder.2.mlp.fc2.weight
2025-05-26 23:32:19,815 - PoinTr_Tree - INFO - base_model.decoder.2.mlp.fc2.bias
2025-05-26 23:32:19,815 - PoinTr_Tree - INFO - base_model.decoder.2.knn_map.0.weight
2025-05-26 23:32:19,815 - PoinTr_Tree - INFO - base_model.decoder.2.knn_map.0.bias
2025-05-26 23:32:19,815 - PoinTr_Tree - INFO - base_model.decoder.2.merge_map.weight
2025-05-26 23:32:19,815 - PoinTr_Tree - INFO - base_model.decoder.2.merge_map.bias
2025-05-26 23:32:19,815 - PoinTr_Tree - INFO - base_model.decoder.2.knn_map_cross.0.weight
2025-05-26 23:32:19,815 - PoinTr_Tree - INFO - base_model.decoder.2.knn_map_cross.0.bias
2025-05-26 23:32:19,815 - PoinTr_Tree - INFO - base_model.decoder.2.merge_map_cross.weight
2025-05-26 23:32:19,815 - PoinTr_Tree - INFO - base_model.decoder.2.merge_map_cross.bias
2025-05-26 23:32:19,815 - PoinTr_Tree - INFO - base_model.decoder.3.norm1.weight
2025-05-26 23:32:19,815 - PoinTr_Tree - INFO - base_model.decoder.3.norm1.bias
2025-05-26 23:32:19,815 - PoinTr_Tree - INFO - base_model.decoder.3.self_attn.qkv.weight
2025-05-26 23:32:19,815 - PoinTr_Tree - INFO - base_model.decoder.3.self_attn.proj.weight
2025-05-26 23:32:19,815 - PoinTr_Tree - INFO - base_model.decoder.3.self_attn.proj.bias
2025-05-26 23:32:19,815 - PoinTr_Tree - INFO - base_model.decoder.3.norm_q.weight
2025-05-26 23:32:19,815 - PoinTr_Tree - INFO - base_model.decoder.3.norm_q.bias
2025-05-26 23:32:19,815 - PoinTr_Tree - INFO - base_model.decoder.3.norm_v.weight
2025-05-26 23:32:19,815 - PoinTr_Tree - INFO - base_model.decoder.3.norm_v.bias
2025-05-26 23:32:19,815 - PoinTr_Tree - INFO - base_model.decoder.3.attn.q_map.weight
2025-05-26 23:32:19,815 - PoinTr_Tree - INFO - base_model.decoder.3.attn.k_map.weight
2025-05-26 23:32:19,815 - PoinTr_Tree - INFO - base_model.decoder.3.attn.v_map.weight
2025-05-26 23:32:19,815 - PoinTr_Tree - INFO - base_model.decoder.3.attn.proj.weight
2025-05-26 23:32:19,815 - PoinTr_Tree - INFO - base_model.decoder.3.attn.proj.bias
2025-05-26 23:32:19,815 - PoinTr_Tree - INFO - base_model.decoder.3.norm2.weight
2025-05-26 23:32:19,815 - PoinTr_Tree - INFO - base_model.decoder.3.norm2.bias
2025-05-26 23:32:19,815 - PoinTr_Tree - INFO - base_model.decoder.3.mlp.fc1.weight
2025-05-26 23:32:19,815 - PoinTr_Tree - INFO - base_model.decoder.3.mlp.fc1.bias
2025-05-26 23:32:19,815 - PoinTr_Tree - INFO - base_model.decoder.3.mlp.fc2.weight
2025-05-26 23:32:19,815 - PoinTr_Tree - INFO - base_model.decoder.3.mlp.fc2.bias
2025-05-26 23:32:19,815 - PoinTr_Tree - INFO - base_model.decoder.3.knn_map.0.weight
2025-05-26 23:32:19,815 - PoinTr_Tree - INFO - base_model.decoder.3.knn_map.0.bias
2025-05-26 23:32:19,815 - PoinTr_Tree - INFO - base_model.decoder.3.merge_map.weight
2025-05-26 23:32:19,815 - PoinTr_Tree - INFO - base_model.decoder.3.merge_map.bias
2025-05-26 23:32:19,815 - PoinTr_Tree - INFO - base_model.decoder.3.knn_map_cross.0.weight
2025-05-26 23:32:19,815 - PoinTr_Tree - INFO - base_model.decoder.3.knn_map_cross.0.bias
2025-05-26 23:32:19,815 - PoinTr_Tree - INFO - base_model.decoder.3.merge_map_cross.weight
2025-05-26 23:32:19,815 - PoinTr_Tree - INFO - base_model.decoder.3.merge_map_cross.bias
2025-05-26 23:32:19,815 - PoinTr_Tree - INFO - base_model.decoder.4.norm1.weight
2025-05-26 23:32:19,815 - PoinTr_Tree - INFO - base_model.decoder.4.norm1.bias
2025-05-26 23:32:19,815 - PoinTr_Tree - INFO - base_model.decoder.4.self_attn.qkv.weight
2025-05-26 23:32:19,815 - PoinTr_Tree - INFO - base_model.decoder.4.self_attn.proj.weight
2025-05-26 23:32:19,815 - PoinTr_Tree - INFO - base_model.decoder.4.self_attn.proj.bias
2025-05-26 23:32:19,815 - PoinTr_Tree - INFO - base_model.decoder.4.norm_q.weight
2025-05-26 23:32:19,815 - PoinTr_Tree - INFO - base_model.decoder.4.norm_q.bias
2025-05-26 23:32:19,815 - PoinTr_Tree - INFO - base_model.decoder.4.norm_v.weight
2025-05-26 23:32:19,815 - PoinTr_Tree - INFO - base_model.decoder.4.norm_v.bias
2025-05-26 23:32:19,815 - PoinTr_Tree - INFO - base_model.decoder.4.attn.q_map.weight
2025-05-26 23:32:19,815 - PoinTr_Tree - INFO - base_model.decoder.4.attn.k_map.weight
2025-05-26 23:32:19,815 - PoinTr_Tree - INFO - base_model.decoder.4.attn.v_map.weight
2025-05-26 23:32:19,815 - PoinTr_Tree - INFO - base_model.decoder.4.attn.proj.weight
2025-05-26 23:32:19,815 - PoinTr_Tree - INFO - base_model.decoder.4.attn.proj.bias
2025-05-26 23:32:19,815 - PoinTr_Tree - INFO - base_model.decoder.4.norm2.weight
2025-05-26 23:32:19,815 - PoinTr_Tree - INFO - base_model.decoder.4.norm2.bias
2025-05-26 23:32:19,815 - PoinTr_Tree - INFO - base_model.decoder.4.mlp.fc1.weight
2025-05-26 23:32:19,815 - PoinTr_Tree - INFO - base_model.decoder.4.mlp.fc1.bias
2025-05-26 23:32:19,815 - PoinTr_Tree - INFO - base_model.decoder.4.mlp.fc2.weight
2025-05-26 23:32:19,815 - PoinTr_Tree - INFO - base_model.decoder.4.mlp.fc2.bias
2025-05-26 23:32:19,815 - PoinTr_Tree - INFO - base_model.decoder.4.knn_map.0.weight
2025-05-26 23:32:19,815 - PoinTr_Tree - INFO - base_model.decoder.4.knn_map.0.bias
2025-05-26 23:32:19,815 - PoinTr_Tree - INFO - base_model.decoder.4.merge_map.weight
2025-05-26 23:32:19,816 - PoinTr_Tree - INFO - base_model.decoder.4.merge_map.bias
2025-05-26 23:32:19,816 - PoinTr_Tree - INFO - base_model.decoder.4.knn_map_cross.0.weight
2025-05-26 23:32:19,816 - PoinTr_Tree - INFO - base_model.decoder.4.knn_map_cross.0.bias
2025-05-26 23:32:19,816 - PoinTr_Tree - INFO - base_model.decoder.4.merge_map_cross.weight
2025-05-26 23:32:19,816 - PoinTr_Tree - INFO - base_model.decoder.4.merge_map_cross.bias
2025-05-26 23:32:19,816 - PoinTr_Tree - INFO - base_model.decoder.5.norm1.weight
2025-05-26 23:32:19,816 - PoinTr_Tree - INFO - base_model.decoder.5.norm1.bias
2025-05-26 23:32:19,816 - PoinTr_Tree - INFO - base_model.decoder.5.self_attn.qkv.weight
2025-05-26 23:32:19,816 - PoinTr_Tree - INFO - base_model.decoder.5.self_attn.proj.weight
2025-05-26 23:32:19,816 - PoinTr_Tree - INFO - base_model.decoder.5.self_attn.proj.bias
2025-05-26 23:32:19,816 - PoinTr_Tree - INFO - base_model.decoder.5.norm_q.weight
2025-05-26 23:32:19,816 - PoinTr_Tree - INFO - base_model.decoder.5.norm_q.bias
2025-05-26 23:32:19,816 - PoinTr_Tree - INFO - base_model.decoder.5.norm_v.weight
2025-05-26 23:32:19,816 - PoinTr_Tree - INFO - base_model.decoder.5.norm_v.bias
2025-05-26 23:32:19,816 - PoinTr_Tree - INFO - base_model.decoder.5.attn.q_map.weight
2025-05-26 23:32:19,816 - PoinTr_Tree - INFO - base_model.decoder.5.attn.k_map.weight
2025-05-26 23:32:19,816 - PoinTr_Tree - INFO - base_model.decoder.5.attn.v_map.weight
2025-05-26 23:32:19,816 - PoinTr_Tree - INFO - base_model.decoder.5.attn.proj.weight
2025-05-26 23:32:19,816 - PoinTr_Tree - INFO - base_model.decoder.5.attn.proj.bias
2025-05-26 23:32:19,816 - PoinTr_Tree - INFO - base_model.decoder.5.norm2.weight
2025-05-26 23:32:19,816 - PoinTr_Tree - INFO - base_model.decoder.5.norm2.bias
2025-05-26 23:32:19,816 - PoinTr_Tree - INFO - base_model.decoder.5.mlp.fc1.weight
2025-05-26 23:32:19,816 - PoinTr_Tree - INFO - base_model.decoder.5.mlp.fc1.bias
2025-05-26 23:32:19,816 - PoinTr_Tree - INFO - base_model.decoder.5.mlp.fc2.weight
2025-05-26 23:32:19,816 - PoinTr_Tree - INFO - base_model.decoder.5.mlp.fc2.bias
2025-05-26 23:32:19,816 - PoinTr_Tree - INFO - base_model.decoder.5.knn_map.0.weight
2025-05-26 23:32:19,816 - PoinTr_Tree - INFO - base_model.decoder.5.knn_map.0.bias
2025-05-26 23:32:19,816 - PoinTr_Tree - INFO - base_model.decoder.5.merge_map.weight
2025-05-26 23:32:19,816 - PoinTr_Tree - INFO - base_model.decoder.5.merge_map.bias
2025-05-26 23:32:19,816 - PoinTr_Tree - INFO - base_model.decoder.5.knn_map_cross.0.weight
2025-05-26 23:32:19,816 - PoinTr_Tree - INFO - base_model.decoder.5.knn_map_cross.0.bias
2025-05-26 23:32:19,816 - PoinTr_Tree - INFO - base_model.decoder.5.merge_map_cross.weight
2025-05-26 23:32:19,816 - PoinTr_Tree - INFO - base_model.decoder.5.merge_map_cross.bias
2025-05-26 23:32:19,816 - PoinTr_Tree - INFO - base_model.decoder.6.norm1.weight
2025-05-26 23:32:19,816 - PoinTr_Tree - INFO - base_model.decoder.6.norm1.bias
2025-05-26 23:32:19,816 - PoinTr_Tree - INFO - base_model.decoder.6.self_attn.qkv.weight
2025-05-26 23:32:19,816 - PoinTr_Tree - INFO - base_model.decoder.6.self_attn.proj.weight
2025-05-26 23:32:19,816 - PoinTr_Tree - INFO - base_model.decoder.6.self_attn.proj.bias
2025-05-26 23:32:19,816 - PoinTr_Tree - INFO - base_model.decoder.6.norm_q.weight
2025-05-26 23:32:19,816 - PoinTr_Tree - INFO - base_model.decoder.6.norm_q.bias
2025-05-26 23:32:19,816 - PoinTr_Tree - INFO - base_model.decoder.6.norm_v.weight
2025-05-26 23:32:19,816 - PoinTr_Tree - INFO - base_model.decoder.6.norm_v.bias
2025-05-26 23:32:19,816 - PoinTr_Tree - INFO - base_model.decoder.6.attn.q_map.weight
2025-05-26 23:32:19,816 - PoinTr_Tree - INFO - base_model.decoder.6.attn.k_map.weight
2025-05-26 23:32:19,816 - PoinTr_Tree - INFO - base_model.decoder.6.attn.v_map.weight
2025-05-26 23:32:19,816 - PoinTr_Tree - INFO - base_model.decoder.6.attn.proj.weight
2025-05-26 23:32:19,816 - PoinTr_Tree - INFO - base_model.decoder.6.attn.proj.bias
2025-05-26 23:32:19,816 - PoinTr_Tree - INFO - base_model.decoder.6.norm2.weight
2025-05-26 23:32:19,816 - PoinTr_Tree - INFO - base_model.decoder.6.norm2.bias
2025-05-26 23:32:19,816 - PoinTr_Tree - INFO - base_model.decoder.6.mlp.fc1.weight
2025-05-26 23:32:19,816 - PoinTr_Tree - INFO - base_model.decoder.6.mlp.fc1.bias
2025-05-26 23:32:19,816 - PoinTr_Tree - INFO - base_model.decoder.6.mlp.fc2.weight
2025-05-26 23:32:19,816 - PoinTr_Tree - INFO - base_model.decoder.6.mlp.fc2.bias
2025-05-26 23:32:19,816 - PoinTr_Tree - INFO - base_model.decoder.6.knn_map.0.weight
2025-05-26 23:32:19,816 - PoinTr_Tree - INFO - base_model.decoder.6.knn_map.0.bias
2025-05-26 23:32:19,816 - PoinTr_Tree - INFO - base_model.decoder.6.merge_map.weight
2025-05-26 23:32:19,816 - PoinTr_Tree - INFO - base_model.decoder.6.merge_map.bias
2025-05-26 23:32:19,816 - PoinTr_Tree - INFO - base_model.decoder.6.knn_map_cross.0.weight
2025-05-26 23:32:19,816 - PoinTr_Tree - INFO - base_model.decoder.6.knn_map_cross.0.bias
2025-05-26 23:32:19,816 - PoinTr_Tree - INFO - base_model.decoder.6.merge_map_cross.weight
2025-05-26 23:32:19,816 - PoinTr_Tree - INFO - base_model.decoder.6.merge_map_cross.bias
2025-05-26 23:32:19,816 - PoinTr_Tree - INFO - base_model.decoder.7.norm1.weight
2025-05-26 23:32:19,816 - PoinTr_Tree - INFO - base_model.decoder.7.norm1.bias
2025-05-26 23:32:19,816 - PoinTr_Tree - INFO - base_model.decoder.7.self_attn.qkv.weight
2025-05-26 23:32:19,816 - PoinTr_Tree - INFO - base_model.decoder.7.self_attn.proj.weight
2025-05-26 23:32:19,816 - PoinTr_Tree - INFO - base_model.decoder.7.self_attn.proj.bias
2025-05-26 23:32:19,816 - PoinTr_Tree - INFO - base_model.decoder.7.norm_q.weight
2025-05-26 23:32:19,816 - PoinTr_Tree - INFO - base_model.decoder.7.norm_q.bias
2025-05-26 23:32:19,816 - PoinTr_Tree - INFO - base_model.decoder.7.norm_v.weight
2025-05-26 23:32:19,816 - PoinTr_Tree - INFO - base_model.decoder.7.norm_v.bias
2025-05-26 23:32:19,816 - PoinTr_Tree - INFO - base_model.decoder.7.attn.q_map.weight
2025-05-26 23:32:19,816 - PoinTr_Tree - INFO - base_model.decoder.7.attn.k_map.weight
2025-05-26 23:32:19,816 - PoinTr_Tree - INFO - base_model.decoder.7.attn.v_map.weight
2025-05-26 23:32:19,816 - PoinTr_Tree - INFO - base_model.decoder.7.attn.proj.weight
2025-05-26 23:32:19,817 - PoinTr_Tree - INFO - base_model.decoder.7.attn.proj.bias
2025-05-26 23:32:19,817 - PoinTr_Tree - INFO - base_model.decoder.7.norm2.weight
2025-05-26 23:32:19,817 - PoinTr_Tree - INFO - base_model.decoder.7.norm2.bias
2025-05-26 23:32:19,817 - PoinTr_Tree - INFO - base_model.decoder.7.mlp.fc1.weight
2025-05-26 23:32:19,817 - PoinTr_Tree - INFO - base_model.decoder.7.mlp.fc1.bias
2025-05-26 23:32:19,817 - PoinTr_Tree - INFO - base_model.decoder.7.mlp.fc2.weight
2025-05-26 23:32:19,817 - PoinTr_Tree - INFO - base_model.decoder.7.mlp.fc2.bias
2025-05-26 23:32:19,817 - PoinTr_Tree - INFO - base_model.decoder.7.knn_map.0.weight
2025-05-26 23:32:19,817 - PoinTr_Tree - INFO - base_model.decoder.7.knn_map.0.bias
2025-05-26 23:32:19,817 - PoinTr_Tree - INFO - base_model.decoder.7.merge_map.weight
2025-05-26 23:32:19,817 - PoinTr_Tree - INFO - base_model.decoder.7.merge_map.bias
2025-05-26 23:32:19,817 - PoinTr_Tree - INFO - base_model.decoder.7.knn_map_cross.0.weight
2025-05-26 23:32:19,817 - PoinTr_Tree - INFO - base_model.decoder.7.knn_map_cross.0.bias
2025-05-26 23:32:19,817 - PoinTr_Tree - INFO - base_model.decoder.7.merge_map_cross.weight
2025-05-26 23:32:19,817 - PoinTr_Tree - INFO - base_model.decoder.7.merge_map_cross.bias
2025-05-26 23:32:19,817 - PoinTr_Tree - INFO - foldingnet.folding1.0.weight
2025-05-26 23:32:19,817 - PoinTr_Tree - INFO - foldingnet.folding1.0.bias
2025-05-26 23:32:19,817 - PoinTr_Tree - INFO - foldingnet.folding1.1.weight
2025-05-26 23:32:19,817 - PoinTr_Tree - INFO - foldingnet.folding1.1.bias
2025-05-26 23:32:19,817 - PoinTr_Tree - INFO - foldingnet.folding1.3.weight
2025-05-26 23:32:19,817 - PoinTr_Tree - INFO - foldingnet.folding1.3.bias
2025-05-26 23:32:19,817 - PoinTr_Tree - INFO - foldingnet.folding1.4.weight
2025-05-26 23:32:19,817 - PoinTr_Tree - INFO - foldingnet.folding1.4.bias
2025-05-26 23:32:19,817 - PoinTr_Tree - INFO - foldingnet.folding1.6.weight
2025-05-26 23:32:19,817 - PoinTr_Tree - INFO - foldingnet.folding1.6.bias
2025-05-26 23:32:19,817 - PoinTr_Tree - INFO - foldingnet.folding2.0.weight
2025-05-26 23:32:19,817 - PoinTr_Tree - INFO - foldingnet.folding2.0.bias
2025-05-26 23:32:19,817 - PoinTr_Tree - INFO - foldingnet.folding2.1.weight
2025-05-26 23:32:19,817 - PoinTr_Tree - INFO - foldingnet.folding2.1.bias
2025-05-26 23:32:19,817 - PoinTr_Tree - INFO - foldingnet.folding2.3.weight
2025-05-26 23:32:19,817 - PoinTr_Tree - INFO - foldingnet.folding2.3.bias
2025-05-26 23:32:19,817 - PoinTr_Tree - INFO - foldingnet.folding2.4.weight
2025-05-26 23:32:19,817 - PoinTr_Tree - INFO - foldingnet.folding2.4.bias
2025-05-26 23:32:19,817 - PoinTr_Tree - INFO - foldingnet.folding2.6.weight
2025-05-26 23:32:19,817 - PoinTr_Tree - INFO - foldingnet.folding2.6.bias
2025-05-26 23:32:19,817 - PoinTr_Tree - INFO - increase_dim.0.weight
2025-05-26 23:32:19,817 - PoinTr_Tree - INFO - increase_dim.0.bias
2025-05-26 23:32:19,817 - PoinTr_Tree - INFO - increase_dim.1.weight
2025-05-26 23:32:19,817 - PoinTr_Tree - INFO - increase_dim.1.bias
2025-05-26 23:32:19,817 - PoinTr_Tree - INFO - increase_dim.3.weight
2025-05-26 23:32:19,817 - PoinTr_Tree - INFO - increase_dim.3.bias
2025-05-26 23:32:19,817 - PoinTr_Tree - INFO - reduce_map.weight
2025-05-26 23:32:19,817 - PoinTr_Tree - INFO - reduce_map.bias
2025-05-26 23:32:19,817 - PoinTr_Tree - INFO - =========================
2025-05-26 23:32:19,817 - PoinTr_Tree - INFO - Untrainable_parameters:
2025-05-26 23:32:19,817 - PoinTr_Tree - INFO - =========================
2025-05-26 23:32:19,818 - PoinTr_Tree - INFO - =========================
2025-05-26 23:32:19,819 - PoinTr_Tree - INFO - Using Synchronized BatchNorm ...
2025-05-26 23:32:19,924 - PoinTr_Tree - INFO - Using Distributed Data parallel ...
